Archive member included to satisfy reference by file (symbol)

app/libapp.a(esb.c.obj)       (--whole-archive)
app/libapp.a(heartbeat.c.obj)
                              (--whole-archive)
app/libapp.a(led.c.obj)       (--whole-archive)
app/libapp.a(main.c.obj)      (--whole-archive)
app/libapp.a(serial.c.obj)    (--whole-archive)
zephyr/libzephyr.a(isr_tables.c.obj)
                              (--whole-archive)
zephyr/libzephyr.a(sw_isr_common.c.obj)
                              (--whole-archive)
zephyr/libzephyr.a(crc32_sw.c.obj)
                              (--whole-archive)
zephyr/libzephyr.a(crc16_sw.c.obj)
                              (--whole-archive)
zephyr/libzephyr.a(crc8_sw.c.obj)
                              (--whole-archive)
zephyr/libzephyr.a(crc7_sw.c.obj)
                              (--whole-archive)
zephyr/libzephyr.a(fdtable.c.obj)
                              (--whole-archive)
zephyr/libzephyr.a(mempool.c.obj)
                              (--whole-archive)
zephyr/libzephyr.a(rb.c.obj)  (--whole-archive)
zephyr/libzephyr.a(thread_entry.c.obj)
                              (--whole-archive)
zephyr/libzephyr.a(work_q.c.obj)
                              (--whole-archive)
zephyr/libzephyr.a(printk.c.obj)
                              (--whole-archive)
zephyr/libzephyr.a(ring_buffer.c.obj)
                              (--whole-archive)
zephyr/libzephyr.a(assert.c.obj)
                              (--whole-archive)
zephyr/libzephyr.a(configs.c.obj)
                              (--whole-archive)
zephyr/libzephyr.a(soc.c.obj)
                              (--whole-archive)
zephyr/libzephyr.a(power.c.obj)
                              (--whole-archive)
zephyr/libzephyr.a(mpu_regions.c.obj)
                              (--whole-archive)
zephyr/libzephyr.a(system_nrf52840.c.obj)
                              (--whole-archive)
zephyr/libzephyr.a(nrfx_glue.c.obj)
                              (--whole-archive)
zephyr/libzephyr.a(nrfx_systick.c.obj)
                              (--whole-archive)
zephyr/libzephyr.a(nrfx_twim.c.obj)
                              (--whole-archive)
zephyr/libzephyr.a(nrfx_usbd.c.obj)
                              (--whole-archive)
zephyr/libzephyr.a(SEGGER_RTT.c.obj)
                              (--whole-archive)
zephyr/libzephyr.a(SEGGER_RTT_zephyr.c.obj)
                              (--whole-archive)
zephyr/libzephyr.a(log_list.c.obj)
                              (--whole-archive)
zephyr/libzephyr.a(log_core.c.obj)
                              (--whole-archive)
zephyr/libzephyr.a(log_msg.c.obj)
                              (--whole-archive)
zephyr/libzephyr.a(log_output.c.obj)
                              (--whole-archive)
zephyr/libzephyr.a(log_backend_rtt.c.obj)
                              (--whole-archive)
zephyr/libzephyr.a(usb_device.c.obj)
                              (--whole-archive)
zephyr/libzephyr.a(usb_descriptor.c.obj)
                              (--whole-archive)
zephyr/libzephyr.a(cdc_acm.c.obj)
                              (--whole-archive)
zephyr/libzephyr.a(power.c.obj)
                              (--whole-archive)
zephyr/libzephyr.a(policy_residency.c.obj)
                              (--whole-archive)
zephyr/libzephyr.a(rtt_console.c.obj)
                              (--whole-archive)
zephyr/libzephyr.a(nrf_power_clock.c.obj)
                              (--whole-archive)
zephyr/libzephyr.a(usb_dc_nrfx.c.obj)
                              (--whole-archive)
zephyr/libzephyr.a(sys_clock_init.c.obj)
                              (--whole-archive)
zephyr/libzephyr.a(nrf_rtc_timer.c.obj)
                              (--whole-archive)
zephyr/arch/arm/core/libarch__arm__core.a(exc_exit.S.obj)
                              (--whole-archive)
zephyr/arch/arm/core/libarch__arm__core.a(irq_init.c.obj)
                              (--whole-archive)
zephyr/arch/arm/core/libarch__arm__core.a(swap.c.obj)
                              (--whole-archive)
zephyr/arch/arm/core/libarch__arm__core.a(swap_helper.S.obj)
                              (--whole-archive)
zephyr/arch/arm/core/libarch__arm__core.a(fault.c.obj)
                              (--whole-archive)
zephyr/arch/arm/core/libarch__arm__core.a(irq_manage.c.obj)
                              (--whole-archive)
zephyr/arch/arm/core/libarch__arm__core.a(thread.c.obj)
                              (--whole-archive)
zephyr/arch/arm/core/libarch__arm__core.a(cpu_idle.S.obj)
                              (--whole-archive)
zephyr/arch/arm/core/libarch__arm__core.a(fault_s.S.obj)
                              (--whole-archive)
zephyr/arch/arm/core/libarch__arm__core.a(fatal.c.obj)
                              (--whole-archive)
zephyr/arch/arm/core/libarch__arm__core.a(sys_fatal_error_handler.c.obj)
                              (--whole-archive)
zephyr/arch/arm/core/libarch__arm__core.a(thread_abort.c.obj)
                              (--whole-archive)
[...]
Memory Configuration

Name             Origin             Length             Attributes
FLASH            0x0000000000000000 0x0000000000100000 xr
SRAM             0x0000000020000000 0x0000000000040000 xw
IDT_LIST         0x0000000020040000 0x0000000000000800 xw
*default*        0x0000000000000000 0xffffffffffffffff

Linker script and memory map

LOAD zephyr/CMakeFiles/kernel_elf.dir/misc/empty_file.c.obj
LOAD zephyr/CMakeFiles/kernel_elf.dir/isr_tables.c.obj
LOAD app/libapp.a
LOAD zephyr/libzephyr.a
LOAD zephyr/arch/arm/core/libarch__arm__core.a
LOAD zephyr/arch/arm/core/cortex_m/libarch__arm__core__cortex_m.a
LOAD zephyr/arch/arm/core/cortex_m/mpu/libarch__arm__core__cortex_m__mpu.a
LOAD zephyr/lib/libc/minimal/liblib__libc__minimal.a
LOAD zephyr/boards/boards/arm/reel_board/lib..__..__wireless-uart__boards__arm__reel_board.a
LOAD zephyr/drivers/gpio/libdrivers__gpio.a
LOAD zephyr/drivers/i2c/libdrivers__i2c.a
LOAD zephyr/drivers/serial/libdrivers__serial.a
LOAD zephyr/nrf/subsys/enhanced_shockburst/lib..__nrf__subsys__enhanced_shockburst.a
LOAD zephyr/kernel/libkernel.a
LOAD zephyr/CMakeFiles/offsets.dir/arch/arm/core/offsets/offsets.c.obj
LOAD /opt/zephyr-sdk/arm-zephyr-eabi/bin/../lib/gcc/arm-zephyr-eabi/8.3.0/thumb/v7e-m/nofp/libgcc.a
                0x0000000000000020                _region_min_align = 0x20

.rel.plt        0x0000000000000000        0x0
 *(SORT_BY_ALIGNMENT(.rel.plt))
                [!provide]                        PROVIDE (__rel_iplt_start = .)
 *(SORT_BY_ALIGNMENT(.rel.iplt))
 .rel.iplt      0x0000000000000000        0x0 zephyr/CMakeFiles/kernel_elf.dir/isr_tables.c.obj
                [!provide]                        PROVIDE (__rel_iplt_end = .)

.rela.plt       0x0000000000000000        0x0
 *(SORT_BY_ALIGNMENT(.rela.plt))
                [!provide]                        PROVIDE (__rela_iplt_start = .)
 *(SORT_BY_ALIGNMENT(.rela.iplt))
                [!provide]                        PROVIDE (__rela_iplt_end = .)

.rel.dyn
 *(SORT_BY_ALIGNMENT(.rel.*))

.rela.dyn
 *(SORT_BY_ALIGNMENT(.rela.*))

/DISCARD/
 *(SORT_BY_ALIGNMENT(.plt))
 *(SORT_BY_ALIGNMENT(.iplt))
 *(SORT_BY_ALIGNMENT(.got.plt))
 *(SORT_BY_ALIGNMENT(.igot.plt))
 *(SORT_BY_ALIGNMENT(.got))
 *(SORT_BY_ALIGNMENT(.igot))
 *(SORT_BY_ALIGNMENT(.irq_info))
 *(SORT_BY_ALIGNMENT(.intList))
                0x0000000000000000                _image_rom_start = 0x0

text            0x0000000000000000      0x100
                0x0000000000000000                . = 0x0
                0x0000000000000000                _vector_start = .
 *(SORT_BY_ALIGNMENT(.exc_vector_table))
 *(SORT_BY_ALIGNMENT(.exc_vector_table.*))
 .exc_vector_table._vector_table_section
                0x0000000000000000       0x40 zephyr/arch/arm/core/cortex_m/libarch__arm__core__cortex_m.a(vector_table.S.obj)
                0x0000000000000000                _vector_table
 *(SORT_BY_ALIGNMENT(.gnu.linkonce.irq_vector_table))
 .gnu.linkonce.irq_vector_table
                0x0000000000000040       0xc0 zephyr/CMakeFiles/kernel_elf.dir/isr_tables.c.obj
                0x0000000000000040                _irq_vector_table
 *(SORT_BY_ALIGNMENT(.vectors))
 *(SORT_BY_ALIGNMENT(.openocd_dbg))
 *(SORT_BY_ALIGNMENT(.openocd_dbg.*))
 *(SORT_BY_ALIGNMENT(.kinetis_flash_config))
 *(SORT_BY_ALIGNMENT(.kinetis_flash_config.*))
                0x0000000000000100                _vector_end = .

_TEXT_SECTION_NAME_2
                0x0000000000000100    0x10a80
                0x0000000000000100                _image_text_start = .
 *(SORT_BY_ALIGNMENT(.text))
 .text          0x0000000000000100       0xa0 /opt/zephyr-sdk/arm-zephyr-eabi/bin/../lib/gcc/arm-zephyr-eabi/8.3.0/thumb/v7e-m/nofp/libgcc.a(_aeabi_ldivmod.o)
                0x0000000000000100                __aeabi_ldivmod
 .text          0x00000000000001a0       0x30 /opt/zephyr-sdk/arm-zephyr-eabi/bin/../lib/gcc/arm-zephyr-eabi/8.3.0/thumb/v7e-m/nofp/libgcc.a(_aeabi_uldivmod.o)
                0x00000000000001a0                __aeabi_uldivmod
 .text          0x00000000000001d0        0x4 /opt/zephyr-sdk/arm-zephyr-eabi/bin/../lib/gcc/arm-zephyr-eabi/8.3.0/thumb/v7e-m/nofp/libgcc.a(_dvmd_tls.o)
                0x00000000000001d0                __aeabi_ldiv0
                0x00000000000001d0                __aeabi_idiv0
 .text          0x00000000000001d4      0x2b4 /opt/zephyr-sdk/arm-zephyr-eabi/bin/../lib/gcc/arm-zephyr-eabi/8.3.0/thumb/v7e-m/nofp/libgcc.a(_udivmoddi4.o)
                0x00000000000001d4                __udivmoddi4
 *(SORT_BY_ALIGNMENT(.text.*))
 .text.esb_thread_function
                0x0000000000000488       0xfc app/libapp.a(esb.c.obj)
 .text.esb_event_callback
                0x0000000000000584      0x168 app/libapp.a(esb.c.obj)
                0x0000000000000584                esb_event_callback
 .text.esb_init
                0x00000000000006ec      0x164 app/libapp.a(esb.c.obj)
                0x00000000000006ec                esb_init
 .text.heartbeat_function
                0x0000000000000850      0x164 app/libapp.a(heartbeat.c.obj)
                0x0000000000000850                heartbeat_function
 .text.led_init
                0x00000000000009b4       0x80 app/libapp.a(led.c.obj)
 .text.led_hold
                0x0000000000000a34       0x9c app/libapp.a(led.c.obj)
                0x0000000000000a34                led_hold
 .text.led_flash
                0x0000000000000ad0       0xb0 app/libapp.a(led.c.obj)
                0x0000000000000ad0                led_flash
 .text.hf_clock_init
                0x0000000000000b80       0x18 app/libapp.a(main.c.obj)
                0x0000000000000b80                hf_clock_init
 .text.main     0x0000000000000b98       0x44 app/libapp.a(main.c.obj)
                0x0000000000000b98                main
 .text.serial_irq_callback
                0x0000000000000bdc       0xac app/libapp.a(serial.c.obj)
                0x0000000000000bdc                serial_irq_callback
 .text.serial_thread_function
                0x0000000000000c88       0x80 app/libapp.a(serial.c.obj)
                0x0000000000000c88                serial_thread_function
 .text.serial_init
                0x0000000000000d08       0x40 app/libapp.a(serial.c.obj)
                0x0000000000000d08                serial_init
 .text.bfree_recombine
                0x0000000000000d48      0x160 zephyr/libzephyr.a(mempool.c.obj)
 .text._printk_dec_ulong
                0x0000000000000ea8       0xb4 zephyr/libzephyr.a(printk.c.obj)
 .text.__printk_hook_install
                0x0000000000000f5c        0xc zephyr/libzephyr.a(printk.c.obj)
                0x0000000000000f5c                __printk_hook_install
 .text.z_vprintk
                0x0000000000000f68      0x380 zephyr/libzephyr.a(printk.c.obj)
                0x0000000000000f68                z_vprintk
 .text.vsnprintk
                0x00000000000012e8       0x2c zephyr/libzephyr.a(printk.c.obj)
                0x00000000000012e8                vsnprintk
 .text.ring_buf_put
                0x0000000000001314       0x68 zephyr/libzephyr.a(ring_buffer.c.obj)
                0x0000000000001314                ring_buf_put
 .text.ring_buf_get
                0x000000000000137c       0x68 zephyr/libzephyr.a(ring_buffer.c.obj)
                0x000000000000137c                ring_buf_get
 .text.nordicsemi_nrf52_init
                0x00000000000013e4       0x44 zephyr/libzephyr.a(soc.c.obj)
 .text.errata_98
                0x0000000000001428       0x24 zephyr/libzephyr.a(system_nrf52840.c.obj)
 .text.errata_103
                0x000000000000144c       0x24 zephyr/libzephyr.a(system_nrf52840.c.obj)
 .text.errata_115
                0x0000000000001470       0x24 zephyr/libzephyr.a(system_nrf52840.c.obj)
 .text.errata_120
                0x0000000000001494       0x24 zephyr/libzephyr.a(system_nrf52840.c.obj)
 .text.SystemCoreClockUpdate
                0x00000000000014b8       0x10 zephyr/libzephyr.a(system_nrf52840.c.obj)
                0x00000000000014b8                SystemCoreClockUpdate
 .text.SystemInit
                0x00000000000014c8      0x1c0 zephyr/libzephyr.a(system_nrf52840.c.obj)
                0x00000000000014c8                SystemInit
 .text.nrfx_systick_delay_ticks
                0x0000000000001688       0x48 zephyr/libzephyr.a(nrfx_systick.c.obj)
                0x0000000000001688                nrfx_systick_delay_ticks
 .text.nrfx_systick_delay_us
                0x00000000000016d0       0x60 zephyr/libzephyr.a(nrfx_systick.c.obj)
                0x00000000000016d0                nrfx_systick_delay_us
 .text.twi_process_error
                0x0000000000001730       0x28 zephyr/libzephyr.a(nrfx_twim.c.obj)
 .text.twim_irq_handler
                0x0000000000001758      0x188 zephyr/libzephyr.a(nrfx_twim.c.obj)
 .text.nrfx_twim_init
                0x00000000000018e0      0x164 zephyr/libzephyr.a(nrfx_twim.c.obj)
                0x00000000000018e0                nrfx_twim_init
 .text.nrfx_twim_enable
                0x0000000000001a44       0x5c zephyr/libzephyr.a(nrfx_twim.c.obj)
                0x0000000000001a44                nrfx_twim_enable
 .text.nrfx_twim_disable
                0x0000000000001aa0       0x70 zephyr/libzephyr.a(nrfx_twim.c.obj)
                0x0000000000001aa0                nrfx_twim_disable
 .text.nrfx_twim_xfer
                0x0000000000001b10      0x3b8 zephyr/libzephyr.a(nrfx_twim.c.obj)
                0x0000000000001b10                nrfx_twim_xfer
 .text.nrfx_twim_0_irq_handler
                0x0000000000001ec8       0x14 zephyr/libzephyr.a(nrfx_twim.c.obj)
                0x0000000000001ec8                nrfx_twim_0_irq_handler
 .text.ev_usbreset_handler
                0x0000000000001edc       0x30 zephyr/libzephyr.a(nrfx_usbd.c.obj)
 .text.nrfx_usbd_consumer
                0x0000000000001f0c       0xa0 zephyr/libzephyr.a(nrfx_usbd.c.obj)
                0x0000000000001f0c                nrfx_usbd_consumer
 .text.nrfx_usbd_feeder_ram
                0x0000000000001fac       0x60 zephyr/libzephyr.a(nrfx_usbd.c.obj)
                0x0000000000001fac                nrfx_usbd_feeder_ram
 .text.nrfx_usbd_feeder_ram_zlp
                0x000000000000200c       0x64 zephyr/libzephyr.a(nrfx_usbd.c.obj)
                0x000000000000200c                nrfx_usbd_feeder_ram_zlp
 .text.ev_usbevent_handler
                0x0000000000002070       0xd0 zephyr/libzephyr.a(nrfx_usbd.c.obj)
 .text.ev_dma_epin0_handler
                0x0000000000002140       0x68 zephyr/libzephyr.a(nrfx_usbd.c.obj)
 .text.ev_sof_handler
                0x00000000000021a8       0x5c zephyr/libzephyr.a(nrfx_usbd.c.obj)
 .text.ev_dma_epin8_handler
                0x0000000000002204       0x8c zephyr/libzephyr.a(nrfx_usbd.c.obj)
 .text.ev_dma_epout8_handler
                0x0000000000002290       0x70 zephyr/libzephyr.a(nrfx_usbd.c.obj)
 .text.ev_dma_epin6_handler
                0x0000000000002300       0x68 zephyr/libzephyr.a(nrfx_usbd.c.obj)
 .text.ev_dma_epin5_handler
                0x0000000000002368       0x68 zephyr/libzephyr.a(nrfx_usbd.c.obj)
 .text.ev_dma_epin4_handler
                0x00000000000023d0       0x68 zephyr/libzephyr.a(nrfx_usbd.c.obj)
 .text.ev_dma_epin2_handler
                0x0000000000002438       0x68 zephyr/libzephyr.a(nrfx_usbd.c.obj)
 .text.ev_dma_epin1_handler
                0x00000000000024a0       0x68 zephyr/libzephyr.a(nrfx_usbd.c.obj)
 .text.ev_dma_epin3_handler
                0x0000000000002508       0x68 zephyr/libzephyr.a(nrfx_usbd.c.obj)
 .text.ev_dma_epin7_handler
                0x0000000000002570       0x68 zephyr/libzephyr.a(nrfx_usbd.c.obj)
 .text.usbd_ep_data_handler
                0x00000000000025d8      0x2a8 zephyr/libzephyr.a(nrfx_usbd.c.obj)
 .text.ev_setup_data_handler
                0x0000000000002880       0x54 zephyr/libzephyr.a(nrfx_usbd.c.obj)
 .text.nrfx_usbd_isoinconfig_set
                0x00000000000028d4        0xc zephyr/libzephyr.a(nrfx_usbd.c.obj)
                0x00000000000028d4                nrfx_usbd_isoinconfig_set
 .text.nrfx_usbd_uninit
                0x00000000000028e0       0x48 zephyr/libzephyr.a(nrfx_usbd.c.obj)
                0x00000000000028e0                nrfx_usbd_uninit
 .text.nrfx_usbd_enable
                0x0000000000002928      0x208 zephyr/libzephyr.a(nrfx_usbd.c.obj)
                0x0000000000002928                nrfx_usbd_enable
 .text.nrfx_usbd_start
                0x0000000000002b30       0x98 zephyr/libzephyr.a(nrfx_usbd.c.obj)
                0x0000000000002b30                nrfx_usbd_start
 .text.nrfx_usbd_is_enabled
                0x0000000000002bc8       0x14 zephyr/libzephyr.a(nrfx_usbd.c.obj)
                0x0000000000002bc8                nrfx_usbd_is_enabled
 .text.nrfx_usbd_ep_max_packet_size_set
                0x0000000000002bdc       0xc0 zephyr/libzephyr.a(nrfx_usbd.c.obj)
                0x0000000000002bdc                nrfx_usbd_ep_max_packet_size_set
 .text.nrfx_usbd_init
                0x0000000000002c9c      0x124 zephyr/libzephyr.a(nrfx_usbd.c.obj)
                0x0000000000002c9c                nrfx_usbd_init
 .text.nrfx_usbd_ep_transfer
                0x0000000000002dc0      0x1e0 zephyr/libzephyr.a(nrfx_usbd.c.obj)
                0x0000000000002dc0                nrfx_usbd_ep_transfer
 .text.nrfx_usbd_feeder_buffer_get
                0x0000000000002fa0        0x8 zephyr/libzephyr.a(nrfx_usbd.c.obj)
                0x0000000000002fa0                nrfx_usbd_feeder_buffer_get
 .text.nrfx_usbd_feeder_flash
                0x0000000000002fa8       0x98 zephyr/libzephyr.a(nrfx_usbd.c.obj)
                0x0000000000002fa8                nrfx_usbd_feeder_flash
 .text.nrfx_usbd_feeder_flash_zlp
                0x0000000000003040       0xa0 zephyr/libzephyr.a(nrfx_usbd.c.obj)
                0x0000000000003040                nrfx_usbd_feeder_flash_zlp
 .text.nrfx_usbd_ep_status_get
                0x00000000000030e0       0x78 zephyr/libzephyr.a(nrfx_usbd.c.obj)
                0x00000000000030e0                nrfx_usbd_ep_status_get
 .text.nrfx_usbd_epout_size_get
                0x0000000000003158       0xac zephyr/libzephyr.a(nrfx_usbd.c.obj)
                0x0000000000003158                nrfx_usbd_epout_size_get
 .text.usbd_dmareq_process
                0x0000000000003204      0x3c0 zephyr/libzephyr.a(nrfx_usbd.c.obj)
 .text.ev_epdata_handler
                0x00000000000035c4       0x80 zephyr/libzephyr.a(nrfx_usbd.c.obj)
 .text.ev_dma_epout1_handler
                0x0000000000003644       0x8c zephyr/libzephyr.a(nrfx_usbd.c.obj)
 .text.ev_dma_epout7_handler
                0x00000000000036d0       0x90 zephyr/libzephyr.a(nrfx_usbd.c.obj)
 .text.ev_dma_epout6_handler
                0x0000000000003760       0x8c zephyr/libzephyr.a(nrfx_usbd.c.obj)
 .text.ev_dma_epout5_handler
                0x00000000000037ec       0x90 zephyr/libzephyr.a(nrfx_usbd.c.obj)
 .text.ev_dma_epout4_handler
                0x000000000000387c       0x90 zephyr/libzephyr.a(nrfx_usbd.c.obj)
 .text.ev_dma_epout3_handler
                0x000000000000390c       0x90 zephyr/libzephyr.a(nrfx_usbd.c.obj)
 .text.ev_dma_epout2_handler
                0x000000000000399c       0x90 zephyr/libzephyr.a(nrfx_usbd.c.obj)
 .text.nrfx_usbd_ep_stall
                0x0000000000003a2c       0x78 zephyr/libzephyr.a(nrfx_usbd.c.obj)
                0x0000000000003a2c                nrfx_usbd_ep_stall
 .text.nrfx_usbd_ep_stall_check
                0x0000000000003aa4       0xc4 zephyr/libzephyr.a(nrfx_usbd.c.obj)
                0x0000000000003aa4                nrfx_usbd_ep_stall_check
 .text.nrfx_usbd_setup_get
                0x0000000000003b68       0x58 zephyr/libzephyr.a(nrfx_usbd.c.obj)
                0x0000000000003b68                nrfx_usbd_setup_get
 .text.nrfx_usbd_setup_data_clear
                0x0000000000003bc0       0x58 zephyr/libzephyr.a(nrfx_usbd.c.obj)
                0x0000000000003bc0                nrfx_usbd_setup_data_clear
 .text.ev_dma_epout0_handler
                0x0000000000003c18       0x8c zephyr/libzephyr.a(nrfx_usbd.c.obj)
 .text.nrfx_usbd_setup_clear
                0x0000000000003ca4       0x14 zephyr/libzephyr.a(nrfx_usbd.c.obj)
                0x0000000000003ca4                nrfx_usbd_setup_clear
 .text.nrfx_usbd_setup_stall
                0x0000000000003cb8       0x14 zephyr/libzephyr.a(nrfx_usbd.c.obj)
                0x0000000000003cb8                nrfx_usbd_setup_stall
 .text.nrfx_usbd_last_setup_dir_get
                0x0000000000003ccc        0xc zephyr/libzephyr.a(nrfx_usbd.c.obj)
                0x0000000000003ccc                nrfx_usbd_last_setup_dir_get
 .text.nrfx_usbd_transfer_out_drop
                0x0000000000003cd8      0x188 zephyr/libzephyr.a(nrfx_usbd.c.obj)
                0x0000000000003cd8                nrfx_usbd_transfer_out_drop
 .text.ev_setup_handler
                0x0000000000003e60      0x384 zephyr/libzephyr.a(nrfx_usbd.c.obj)
 .text.nrfx_usbd_irq_handler
                0x00000000000041e4      0x1b8 zephyr/libzephyr.a(nrfx_usbd.c.obj)
                0x00000000000041e4                nrfx_usbd_irq_handler
 .text.nrfx_usbd_ep_enable
                0x000000000000439c      0x1a0 zephyr/libzephyr.a(nrfx_usbd.c.obj)
                0x000000000000439c                nrfx_usbd_ep_enable
 .text.nrfx_usbd_ep_stall_clear
                0x000000000000453c       0x88 zephyr/libzephyr.a(nrfx_usbd.c.obj)
                0x000000000000453c                nrfx_usbd_ep_stall_clear
 .text.usbd_ep_abort_all
                0x00000000000045c4      0x314 zephyr/libzephyr.a(nrfx_usbd.c.obj)
 .text.nrfx_usbd_stop
                0x00000000000048d8       0x74 zephyr/libzephyr.a(nrfx_usbd.c.obj)
                0x00000000000048d8                nrfx_usbd_stop
 .text.nrfx_usbd_disable
                0x000000000000494c       0x6c zephyr/libzephyr.a(nrfx_usbd.c.obj)
                0x000000000000494c                nrfx_usbd_disable
 .text.nrfx_usbd_suspend
                0x00000000000049b8       0x60 zephyr/libzephyr.a(nrfx_usbd.c.obj)
                0x00000000000049b8                nrfx_usbd_suspend
 .text._DoInit  0x0000000000004a18       0x60 zephyr/libzephyr.a(SEGGER_RTT.c.obj)
 .text.SEGGER_RTT_WriteSkipNoLock
                0x0000000000004a78      0x120 zephyr/libzephyr.a(SEGGER_RTT.c.obj)
                0x0000000000004a78                SEGGER_RTT_WriteSkipNoLock
 .text.SEGGER_RTT_WriteNoLock
                0x0000000000004b98       0x70 zephyr/libzephyr.a(SEGGER_RTT.c.obj)
                0x0000000000004b98                SEGGER_RTT_WriteNoLock
 .text.SEGGER_RTT_HasDataUp
                0x0000000000004c08       0x20 zephyr/libzephyr.a(SEGGER_RTT.c.obj)
                0x0000000000004c08                SEGGER_RTT_HasDataUp
 .text.thread_set
                0x0000000000004c28       0x20 zephyr/libzephyr.a(log_core.c.obj)
 .text.msg_process
                0x0000000000004c48       0xc0 zephyr/libzephyr.a(log_core.c.obj)
 .text.enable_logger
                0x0000000000004d08       0x44 zephyr/libzephyr.a(log_core.c.obj)
 .text.log_core_init
                0x0000000000004d4c       0x3c zephyr/libzephyr.a(log_core.c.obj)
                0x0000000000004d4c                log_core_init
 .text.dropped_notify
                0x0000000000004d88       0xa4 zephyr/libzephyr.a(log_core.c.obj)
                0x0000000000004d88                dropped_notify
 .text.log_process
                0x0000000000004e2c       0x78 zephyr/libzephyr.a(log_core.c.obj)
                0x0000000000004e2c                log_process
 .text.log_printk
                0x0000000000004ea4       0xa8 zephyr/libzephyr.a(log_core.c.obj)
                0x0000000000004ea4                log_printk
 .text.log_1    0x0000000000004f4c       0xcc zephyr/libzephyr.a(log_core.c.obj)
                0x0000000000004f4c                log_1
 .text.log_2    0x0000000000005018       0xd8 zephyr/libzephyr.a(log_core.c.obj)
                0x0000000000005018                log_2
 .text.log_0    0x00000000000050f0       0xc0 zephyr/libzephyr.a(log_core.c.obj)
                0x00000000000050f0                log_0
 .text.log_dropped
                0x00000000000051b0       0x20 zephyr/libzephyr.a(log_core.c.obj)
                0x00000000000051b0                log_dropped
 .text.log_source_name_get
                0x00000000000051d0       0x20 zephyr/libzephyr.a(log_core.c.obj)
                0x00000000000051d0                log_source_name_get
 .text.log_backend_enable
                0x00000000000051f0       0x6c zephyr/libzephyr.a(log_core.c.obj)
                0x00000000000051f0                log_backend_enable
 .text.log_init
                0x000000000000525c       0x90 zephyr/libzephyr.a(log_core.c.obj)
                0x000000000000525c                log_init
 .text.log_panic
                0x00000000000052ec       0xa4 zephyr/libzephyr.a(log_core.c.obj)
                0x00000000000052ec                log_panic
 .text.log_process_thread_func
                0x0000000000005390       0x60 zephyr/libzephyr.a(log_core.c.obj)
 .text.log_is_strdup
                0x00000000000053f0       0x1c zephyr/libzephyr.a(log_core.c.obj)
                0x00000000000053f0                log_is_strdup
 .text.log_free
                0x000000000000540c       0x38 zephyr/libzephyr.a(log_core.c.obj)
                0x000000000000540c                log_free
 .text.cont_free
                0x0000000000005444       0x20 zephyr/libzephyr.a(log_msg.c.obj)
 .text.log_msg_pool_init
                0x0000000000005464       0x18 zephyr/libzephyr.a(log_msg.c.obj)
                0x0000000000005464                log_msg_pool_init
 .text.log_msg_no_space_handle
                0x000000000000547c       0x30 zephyr/libzephyr.a(log_msg.c.obj)
                0x000000000000547c                log_msg_no_space_handle
 .text.msg_free
                0x00000000000054ac       0x5c zephyr/libzephyr.a(log_msg.c.obj)
 .text.log_msg_hexdump_create
                0x0000000000005508       0xf4 zephyr/libzephyr.a(log_msg.c.obj)
                0x0000000000005508                log_msg_hexdump_create
 .text.print_formatted
                0x00000000000055fc       0x28 zephyr/libzephyr.a(log_output.c.obj)
 .text.timestamp_print
                0x0000000000005624       0x8c zephyr/libzephyr.a(log_output.c.obj)
 .text.color_print
                0x00000000000056b0       0x2c zephyr/libzephyr.a(log_output.c.obj)
 .text.newline_print
                0x00000000000056dc       0x28 zephyr/libzephyr.a(log_output.c.obj)
 .text.hexdump_line_print
                0x0000000000005704       0x94 zephyr/libzephyr.a(log_output.c.obj)
 .text.ids_print
                0x0000000000005798       0x5c zephyr/libzephyr.a(log_output.c.obj)
 .text.hexdump_print
                0x00000000000057f4       0x50 zephyr/libzephyr.a(log_output.c.obj)
 .text.out_func
                0x0000000000005844       0x58 zephyr/libzephyr.a(log_output.c.obj)
 .text.raw_string_print
                0x000000000000589c       0x88 zephyr/libzephyr.a(log_output.c.obj)
 .text.log_output_dropped_process
                0x0000000000005924       0x54 zephyr/libzephyr.a(log_output.c.obj)
                0x0000000000005924                log_output_dropped_process
 .text.log_output_timestamp_freq_set
                0x0000000000005978       0x2c zephyr/libzephyr.a(log_output.c.obj)
                0x0000000000005978                log_output_timestamp_freq_set
 .text.log_backend_rtt_init
                0x00000000000059a4       0x18 zephyr/libzephyr.a(log_backend_rtt.c.obj)
 .text.panic    0x00000000000059bc       0x18 zephyr/libzephyr.a(log_backend_rtt.c.obj)
 .text.on_failed_write
                0x00000000000059d4       0x2c zephyr/libzephyr.a(log_backend_rtt.c.obj)
 .text.on_write
                0x0000000000005a00       0x38 zephyr/libzephyr.a(log_backend_rtt.c.obj)
 .text.data_out_block_mode
                0x0000000000005a38       0x70 zephyr/libzephyr.a(log_backend_rtt.c.obj)
 .text.dropped  0x0000000000005aa8       0x10 zephyr/libzephyr.a(log_backend_rtt.c.obj)
 .text.put      0x0000000000005ab8       0x20 zephyr/libzephyr.a(log_backend_rtt.c.obj)
 .text.usb_handle_request
                0x0000000000005ad8       0x2c zephyr/libzephyr.a(usb_device.c.obj)
 .text.usb_register_request_handler
                0x0000000000005b04       0x20 zephyr/libzephyr.a(usb_device.c.obj)
 .text.usb_register_descriptors
                0x0000000000005b24        0xc zephyr/libzephyr.a(usb_device.c.obj)
 .text.usb_get_descriptor
                0x0000000000005b30       0x5c zephyr/libzephyr.a(usb_device.c.obj)
 .text.usb_handle_vendor_request
                0x0000000000005b8c       0x18 zephyr/libzephyr.a(usb_device.c.obj)
 .text.usb_register_custom_req_handler
                0x0000000000005ba4        0xc zephyr/libzephyr.a(usb_device.c.obj)
 .text.usb_register_status_callback
                0x0000000000005bb0        0xc zephyr/libzephyr.a(usb_device.c.obj)
 .text.forward_status_cb
                0x0000000000005bbc       0x44 zephyr/libzephyr.a(usb_device.c.obj)
 .text.usb_set_configuration
                0x0000000000005c00       0x80 zephyr/libzephyr.a(usb_device.c.obj)
 .text.usb_handle_std_device_req
                0x0000000000005c80       0xac zephyr/libzephyr.a(usb_device.c.obj)
 .text.usb_set_interface
                0x0000000000005d2c       0x88 zephyr/libzephyr.a(usb_device.c.obj)
 .text.usb_handle_std_endpoint_req
                0x0000000000005db4       0xe0 zephyr/libzephyr.a(usb_device.c.obj)
 .text.usb_handle_standard_request
                0x0000000000005e94       0x74 zephyr/libzephyr.a(usb_device.c.obj)
 .text.usb_data_to_host
                0x0000000000005f08       0x2c zephyr/libzephyr.a(usb_device.c.obj)
 .text.usb_transfer_work
                0x0000000000005f34      0x154 zephyr/libzephyr.a(usb_device.c.obj)
 .text.usb_handle_control_transfer
                0x0000000000006088      0x140 zephyr/libzephyr.a(usb_device.c.obj)
 .text.usb_set_config
                0x00000000000061c8       0x60 zephyr/libzephyr.a(usb_device.c.obj)
                0x00000000000061c8                usb_set_config
 .text.usb_enable
                0x0000000000006228      0x104 zephyr/libzephyr.a(usb_device.c.obj)
                0x0000000000006228                usb_enable
 .text.usb_get_cfg_data
                0x000000000000632c       0x44 zephyr/libzephyr.a(usb_descriptor.c.obj)
 .text.ascii7_to_utf16le
                0x0000000000006370       0x64 zephyr/libzephyr.a(usb_descriptor.c.obj)
 .text.usb_fix_ascii_sn_string_descriptor
                0x00000000000063d4       0x5c zephyr/libzephyr.a(usb_descriptor.c.obj)
 .text.usb_fix_descriptor
                0x0000000000006430      0x14c zephyr/libzephyr.a(usb_descriptor.c.obj)
 .text.usb_get_device_descriptor
                0x000000000000657c       0x44 zephyr/libzephyr.a(usb_descriptor.c.obj)
                0x000000000000657c                usb_get_device_descriptor
 .text.cdc_acm_class_handle_req
                0x00000000000065c0       0x88 zephyr/libzephyr.a(cdc_acm.c.obj)
                0x00000000000065c0                cdc_acm_class_handle_req
 .text.cdc_acm_int_in
                0x0000000000006648       0x4c zephyr/libzephyr.a(cdc_acm.c.obj)
 .text.cdc_acm_bulk_out
                0x0000000000006694       0xe8 zephyr/libzephyr.a(cdc_acm.c.obj)
 .text.cdc_acm_dev_status_cb
                0x000000000000677c       0x54 zephyr/libzephyr.a(cdc_acm.c.obj)
 .text.cdc_acm_init
                0x00000000000067d0       0xc8 zephyr/libzephyr.a(cdc_acm.c.obj)
 .text.cdc_acm_send_notification
                0x0000000000006898       0x60 zephyr/libzephyr.a(cdc_acm.c.obj)
 .text.cdc_acm_poll_out
                0x00000000000068f8       0x24 zephyr/libzephyr.a(cdc_acm.c.obj)
 .text.cdc_acm_irq_rx_enable
                0x000000000000691c       0x44 zephyr/libzephyr.a(cdc_acm.c.obj)
 .text.cdc_acm_irq_tx_enable
                0x0000000000006960       0x44 zephyr/libzephyr.a(cdc_acm.c.obj)
 .text.cdc_acm_bulk_in
                0x00000000000069a4       0x94 zephyr/libzephyr.a(cdc_acm.c.obj)
 .text.rtt_console_init
                0x0000000000006a38       0x18 zephyr/libzephyr.a(rtt_console.c.obj)
 .text.rtt_console_out
                0x0000000000006a50       0x60 zephyr/libzephyr.a(rtt_console.c.obj)
 .text.m16src_stop
                0x0000000000006ab0       0x78 zephyr/libzephyr.a(nrf_power_clock.c.obj)
 .text.m16src_start
                0x0000000000006b28      0x10c zephyr/libzephyr.a(nrf_power_clock.c.obj)
 .text.k32src_start
                0x0000000000006c34       0xf0 zephyr/libzephyr.a(nrf_power_clock.c.obj)
 .text.nrf_power_clock_isr
                0x0000000000006d24      0x204 zephyr/libzephyr.a(nrf_power_clock.c.obj)
                0x0000000000006d24                nrf_power_clock_isr
 .text.endpoint_ctx
                0x0000000000006f28       0x4c zephyr/libzephyr.a(usb_dc_nrfx.c.obj)
 .text.eps_ctx_init
                0x0000000000006f74      0x1f4 zephyr/libzephyr.a(usb_dc_nrfx.c.obj)
 .text.usbd_enable_endpoints
                0x0000000000007168       0xf4 zephyr/libzephyr.a(usb_dc_nrfx.c.obj)
 .text.hf_clock_enable
                0x000000000000725c       0xd0 zephyr/libzephyr.a(usb_dc_nrfx.c.obj)
 .text.usbd_work_handler
                0x000000000000732c      0x420 zephyr/libzephyr.a(usb_dc_nrfx.c.obj)
 .text.usbd_event_transfer_data
                0x000000000000774c      0x4e4 zephyr/libzephyr.a(usb_dc_nrfx.c.obj)
 .text.usbd_event_transfer_ctrl
                0x0000000000007c30      0x4fc zephyr/libzephyr.a(usb_dc_nrfx.c.obj)
 .text.usbd_event_handler
                0x000000000000812c      0x1fc zephyr/libzephyr.a(usb_dc_nrfx.c.obj)
 .text.usb_dc_nrfx_power_event_callback
                0x0000000000008328      0x1b0 zephyr/libzephyr.a(usb_dc_nrfx.c.obj)
                0x0000000000008328                usb_dc_nrfx_power_event_callback
 .text.usb_dc_attach
                0x00000000000084d8       0xb8 zephyr/libzephyr.a(usb_dc_nrfx.c.obj)
                0x00000000000084d8                usb_dc_attach
 .text.usb_dc_set_address
                0x0000000000008590       0x68 zephyr/libzephyr.a(usb_dc_nrfx.c.obj)
                0x0000000000008590                usb_dc_set_address
 .text.usb_dc_ep_check_cap
                0x00000000000085f8       0xb0 zephyr/libzephyr.a(usb_dc_nrfx.c.obj)
                0x00000000000085f8                usb_dc_ep_check_cap
 .text.usb_dc_ep_configure
                0x00000000000086a8       0x78 zephyr/libzephyr.a(usb_dc_nrfx.c.obj)
                0x00000000000086a8                usb_dc_ep_configure
 .text.usb_dc_ep_set_stall
                0x0000000000008720       0x88 zephyr/libzephyr.a(usb_dc_nrfx.c.obj)
                0x0000000000008720                usb_dc_ep_set_stall
 .text.usb_dc_ep_clear_stall
                0x00000000000087a8       0x38 zephyr/libzephyr.a(usb_dc_nrfx.c.obj)
                0x00000000000087a8                usb_dc_ep_clear_stall
 .text.usb_dc_ep_is_stalled
                0x00000000000087e0       0x3c zephyr/libzephyr.a(usb_dc_nrfx.c.obj)
                0x00000000000087e0                usb_dc_ep_is_stalled
 .text.usb_dc_ep_enable
                0x000000000000881c       0x44 zephyr/libzephyr.a(usb_dc_nrfx.c.obj)
                0x000000000000881c                usb_dc_ep_enable
 .text.usb_dc_ep_write
                0x0000000000008860      0x11c zephyr/libzephyr.a(usb_dc_nrfx.c.obj)
                0x0000000000008860                usb_dc_ep_write
 .text.usb_dc_ep_read_wait
                0x000000000000897c       0xa8 zephyr/libzephyr.a(usb_dc_nrfx.c.obj)
                0x000000000000897c                usb_dc_ep_read_wait
 .text.usb_dc_ep_read_continue
                0x0000000000008a24      0x1d8 zephyr/libzephyr.a(usb_dc_nrfx.c.obj)
                0x0000000000008a24                usb_dc_ep_read_continue
 .text.usb_dc_ep_set_callback
                0x0000000000008bfc       0x28 zephyr/libzephyr.a(usb_dc_nrfx.c.obj)
                0x0000000000008bfc                usb_dc_ep_set_callback
 .text.usb_dc_set_status_callback
                0x0000000000008c24        0xc zephyr/libzephyr.a(usb_dc_nrfx.c.obj)
                0x0000000000008c24                usb_dc_set_status_callback
 .text.usb_dc_ep_mps
                0x0000000000008c30       0x24 zephyr/libzephyr.a(usb_dc_nrfx.c.obj)
                0x0000000000008c30                usb_dc_ep_mps
 .text.z_clock_isr
                0x0000000000008c54       0x28 zephyr/libzephyr.a(sys_clock_init.c.obj)
                0x0000000000008c54                z_clock_isr
 .text.set_comparator
                0x0000000000008c7c       0x10 zephyr/libzephyr.a(nrf_rtc_timer.c.obj)
 .text.counter  0x0000000000008c8c        0xc zephyr/libzephyr.a(nrf_rtc_timer.c.obj)
 .text.rtc1_nrf_isr
                0x0000000000008c98       0xd0 zephyr/libzephyr.a(nrf_rtc_timer.c.obj)
                0x0000000000008c98                rtc1_nrf_isr
 .text.z_clock_driver_init
                0x0000000000008d68       0x8c zephyr/libzephyr.a(nrf_rtc_timer.c.obj)
                0x0000000000008d68                z_clock_driver_init
 .text.z_clock_set_timeout
                0x0000000000008df4       0xfc zephyr/libzephyr.a(nrf_rtc_timer.c.obj)
                0x0000000000008df4                z_clock_set_timeout
 .text.z_clock_elapsed
                0x0000000000008ef0       0xb0 zephyr/libzephyr.a(nrf_rtc_timer.c.obj)
                0x0000000000008ef0                z_clock_elapsed
 .text.z_timer_cycle_get_32
                0x0000000000008fa0       0xa4 zephyr/libzephyr.a(nrf_rtc_timer.c.obj)
                0x0000000000008fa0                z_timer_cycle_get_32
 .text._HandlerModeExit
                0x0000000000009044       0x1c zephyr/arch/arm/core/libarch__arm__core.a(exc_exit.S.obj)
                0x0000000000009044                z_ExcExit
                0x0000000000009044                _IntExit
 .text.z_IntLibInit
                0x0000000000009060       0x34 zephyr/arch/arm/core/libarch__arm__core.a(irq_init.c.obj)
                0x0000000000009060                z_IntLibInit
 .text.__swap   0x0000000000009094       0x34 zephyr/arch/arm/core/libarch__arm__core.a(swap.c.obj)
                0x0000000000009094                __swap
 .text.__pendsv
                0x00000000000090c8       0x58 zephyr/arch/arm/core/libarch__arm__core.a(swap_helper.S.obj)
                0x00000000000090c8                __pendsv
 .text.__svc    0x0000000000009120       0x24 zephyr/arch/arm/core/libarch__arm__core.a(swap_helper.S.obj)
                0x0000000000009120                __svc
 .text.BusFault
                0x0000000000009144       0xd4 zephyr/arch/arm/core/libarch__arm__core.a(fault.c.obj)
 .text.UsageFault
                0x0000000000009218       0xa8 zephyr/arch/arm/core/libarch__arm__core.a(fault.c.obj)
 .text.DebugMonitor
                0x00000000000092c0       0x10 zephyr/arch/arm/core/libarch__arm__core.a(fault.c.obj)
 .text.ReservedException
                0x00000000000092d0       0x24 zephyr/arch/arm/core/libarch__arm__core.a(fault.c.obj)
 .text.MpuFault
                0x00000000000092f4       0xfc zephyr/arch/arm/core/libarch__arm__core.a(fault.c.obj)
 .text.HardFault
                0x00000000000093f0       0x80 zephyr/arch/arm/core/libarch__arm__core.a(fault.c.obj)
 .text._Fault   0x0000000000009470       0x28 zephyr/arch/arm/core/libarch__arm__core.a(fault.c.obj)
                0x0000000000009470                _Fault
 .text.z_FaultInit
                0x0000000000009498       0x10 zephyr/arch/arm/core/libarch__arm__core.a(fault.c.obj)
                0x0000000000009498                z_FaultInit
 .text.z_arch_irq_enable
                0x00000000000094a8       0x20 zephyr/arch/arm/core/libarch__arm__core.a(irq_manage.c.obj)
                0x00000000000094a8                z_arch_irq_enable
 .text.z_arch_irq_disable
                0x00000000000094c8       0x28 zephyr/arch/arm/core/libarch__arm__core.a(irq_manage.c.obj)
                0x00000000000094c8                z_arch_irq_disable
 .text.z_arch_irq_is_enabled
                0x00000000000094f0       0x1c zephyr/arch/arm/core/libarch__arm__core.a(irq_manage.c.obj)
                0x00000000000094f0                z_arch_irq_is_enabled
 .text.z_irq_priority_set
                0x000000000000950c       0x68 zephyr/arch/arm/core/libarch__arm__core.a(irq_manage.c.obj)
                0x000000000000950c                z_irq_priority_set
 .text.z_new_thread
                0x0000000000009574       0xac zephyr/arch/arm/core/libarch__arm__core.a(thread.c.obj)
                0x0000000000009574                z_new_thread
 .text.z_CpuIdleInit
                0x0000000000009620        0xc zephyr/arch/arm/core/libarch__arm__core.a(cpu_idle.S.obj)
                0x0000000000009620                z_CpuIdleInit
 .text.k_cpu_idle
                0x000000000000962c        0xc zephyr/arch/arm/core/libarch__arm__core.a(cpu_idle.S.obj)
                0x000000000000962c                k_cpu_idle
 .text.__fault  0x0000000000009638       0x28 zephyr/arch/arm/core/libarch__arm__core.a(fault_s.S.obj)
                0x0000000000009638                __usage_fault
                0x0000000000009638                __reserved
                0x0000000000009638                __bus_fault
                0x0000000000009638                __debug_monitor
                0x0000000000009638                __mpu_fault
                0x0000000000009638                __hard_fault
 .text.z_NanoFatalErrorHandler
                0x0000000000009660       0x70 zephyr/arch/arm/core/libarch__arm__core.a(fatal.c.obj)
                0x0000000000009660                z_NanoFatalErrorHandler
 .text.z_SysFatalErrorHandler
                0x00000000000096d0       0x50 zephyr/arch/arm/core/libarch__arm__core.a(sys_fatal_error_handler.c.obj)
                0x00000000000096d0                z_SysFatalErrorHandler
 .text.z_impl_k_thread_abort
                0x0000000000009720       0x84 zephyr/arch/arm/core/libarch__arm__core.a(thread_abort.c.obj)
                0x0000000000009720                z_impl_k_thread_abort
 .text._isr_wrapper
                0x00000000000097a4       0x40 zephyr/arch/arm/core/libarch__arm__core.a(isr_wrapper.S.obj)
                0x00000000000097a4                _isr_wrapper
 .text._reset_section
                0x00000000000097e4        0x8 zephyr/arch/arm/core/cortex_m/libarch__arm__core__cortex_m.a(reset.S.obj)
                0x00000000000097e4                __reset
                0x00000000000097e4                __start
 .text.z_SysNmiOnReset
                0x00000000000097ec        0x8 zephyr/arch/arm/core/cortex_m/libarch__arm__core__cortex_m.a(nmi_on_reset.S.obj)
                0x00000000000097ec                z_SysNmiOnReset
 .text._PrepC   0x00000000000097f4       0x48 zephyr/arch/arm/core/cortex_m/libarch__arm__core__cortex_m.a(prep_c.c.obj)
                0x00000000000097f4                _PrepC
 .text.z_arch_configure_static_mpu_regions
                0x000000000000983c       0x3c zephyr/arch/arm/core/cortex_m/mpu/libarch__arm__core__cortex_m__mpu.a(arm_core_mpu.c.obj)
                0x000000000000983c                z_arch_configure_static_mpu_regions
 .text.region_init
                0x0000000000009878       0x20 zephyr/arch/arm/core/cortex_m/mpu/libarch__arm__core__cortex_m__mpu.a(arm_mpu.c.obj)
 .text.region_allocate_and_init
                0x0000000000009898       0x48 zephyr/arch/arm/core/cortex_m/mpu/libarch__arm__core__cortex_m__mpu.a(arm_mpu.c.obj)
 .text.mpu_configure_regions
                0x00000000000098e0       0x7c zephyr/arch/arm/core/cortex_m/mpu/libarch__arm__core__cortex_m__mpu.a(arm_mpu.c.obj)
 .text.mpu_configure_static_mpu_regions
                0x000000000000995c       0x14 zephyr/arch/arm/core/cortex_m/mpu/libarch__arm__core__cortex_m__mpu.a(arm_mpu.c.obj)
 .text.mpu_configure_dynamic_mpu_regions
                0x0000000000009970       0x30 zephyr/arch/arm/core/cortex_m/mpu/libarch__arm__core__cortex_m__mpu.a(arm_mpu.c.obj)
 .text.arm_core_mpu_enable
                0x00000000000099a0       0x14 zephyr/arch/arm/core/cortex_m/mpu/libarch__arm__core__cortex_m__mpu.a(arm_mpu.c.obj)
                0x00000000000099a0                arm_core_mpu_enable
 .text.arm_core_mpu_disable
                0x00000000000099b4       0x10 zephyr/arch/arm/core/cortex_m/mpu/libarch__arm__core__cortex_m__mpu.a(arm_mpu.c.obj)
                0x00000000000099b4                arm_core_mpu_disable
 .text.arm_mpu_init
                0x00000000000099c4       0xb4 zephyr/arch/arm/core/cortex_m/mpu/libarch__arm__core__cortex_m__mpu.a(arm_mpu.c.obj)
 .text.arm_core_mpu_configure_static_mpu_regions
                0x0000000000009a78       0x40 zephyr/arch/arm/core/cortex_m/mpu/libarch__arm__core__cortex_m__mpu.a(arm_mpu.c.obj)
                0x0000000000009a78                arm_core_mpu_configure_static_mpu_regions
 .text.arm_core_mpu_configure_dynamic_mpu_regions
                0x0000000000009ab8       0x40 zephyr/arch/arm/core/cortex_m/mpu/libarch__arm__core__cortex_m__mpu.a(arm_mpu.c.obj)
                0x0000000000009ab8                arm_core_mpu_configure_dynamic_mpu_regions
 .text._ldiv5   0x0000000000009af8       0x88 zephyr/lib/libc/minimal/liblib__libc__minimal.a(prf.c.obj)
 .text._to_float
                0x0000000000009b80      0x34c zephyr/lib/libc/minimal/liblib__libc__minimal.a(prf.c.obj)
 .text.z_prf    0x0000000000009ecc      0x664 zephyr/lib/libc/minimal/liblib__libc__minimal.a(prf.c.obj)
                0x0000000000009ecc                z_prf
 .text.__stdout_hook_install
                0x000000000000a530        0xc zephyr/lib/libc/minimal/liblib__libc__minimal.a(stdout_console.c.obj)
                0x000000000000a530                __stdout_hook_install
 .text.snprintf
                0x000000000000a53c       0x34 zephyr/lib/libc/minimal/liblib__libc__minimal.a(sprintf.c.obj)
                0x000000000000a53c                snprintf
 .text.board_reel_board_init
                0x000000000000a570       0x20 zephyr/boards/boards/arm/reel_board/lib..__..__wireless-uart__boards__arm__reel_board.a(board.c.obj)
 .text.gpiote_channel_alloc
                0x000000000000a590       0x98 zephyr/drivers/gpio/libdrivers__gpio.a(gpio_nrfx.c.obj)
 .text.gpiote_channel_free
                0x000000000000a628       0x54 zephyr/drivers/gpio/libdrivers__gpio.a(gpio_nrfx.c.obj)
 .text.gpio_nrfx_manage_callback
                0x000000000000a67c       0xc0 zephyr/drivers/gpio/libdrivers__gpio.a(gpio_nrfx.c.obj)
 .text.gpio_nrfx_init
                0x000000000000a73c       0x38 zephyr/drivers/gpio/libdrivers__gpio.a(gpio_nrfx.c.obj)
 .text.cfg_level_pins
                0x000000000000a774       0xc8 zephyr/drivers/gpio/libdrivers__gpio.a(gpio_nrfx.c.obj)
 .text.check_level_trigger_pins
                0x000000000000a83c       0xb4 zephyr/drivers/gpio/libdrivers__gpio.a(gpio_nrfx.c.obj)
 .text.gpiote_pin_int_cfg
                0x000000000000a8f0      0x138 zephyr/drivers/gpio/libdrivers__gpio.a(gpio_nrfx.c.obj)
 .text.gpio_nrfx_config
                0x000000000000aa28      0x1d8 zephyr/drivers/gpio/libdrivers__gpio.a(gpio_nrfx.c.obj)
 .text.gpiote_event_handler
                0x000000000000ac00      0x19c zephyr/drivers/gpio/libdrivers__gpio.a(gpio_nrfx.c.obj)
 .text.init_twim
                0x000000000000ad9c       0x5c zephyr/drivers/i2c/libdrivers__i2c.a(i2c_nrfx_twim.c.obj)
 .text.event_handler
                0x000000000000adf8       0x44 zephyr/drivers/i2c/libdrivers__i2c.a(i2c_nrfx_twim.c.obj)
 .text.i2c_nrfx_twim_transfer
                0x000000000000ae3c       0xf8 zephyr/drivers/i2c/libdrivers__i2c.a(i2c_nrfx_twim.c.obj)
 .text.i2c_nrfx_twim_configure
                0x000000000000af34       0x70 zephyr/drivers/i2c/libdrivers__i2c.a(i2c_nrfx_twim.c.obj)
 .text.event_txdrdy_check
                0x000000000000afa4       0x20 zephyr/drivers/serial/libdrivers__serial.a(uart_nrfx_uart.c.obj)
 .text.event_txdrdy_clear
                0x000000000000afc4       0x20 zephyr/drivers/serial/libdrivers__serial.a(uart_nrfx_uart.c.obj)
 .text.baudrate_set
                0x000000000000afe4      0x15c zephyr/drivers/serial/libdrivers__serial.a(uart_nrfx_uart.c.obj)
 .text.uart_nrfx_poll_in
                0x000000000000b140       0x30 zephyr/drivers/serial/libdrivers__serial.a(uart_nrfx_uart.c.obj)
 .text.uart_nrfx_poll_out
                0x000000000000b170       0x2c zephyr/drivers/serial/libdrivers__serial.a(uart_nrfx_uart.c.obj)
 .text.uart_nrfx_err_check
                0x000000000000b19c       0x18 zephyr/drivers/serial/libdrivers__serial.a(uart_nrfx_uart.c.obj)
 .text.uart_nrfx_configure
                0x000000000000b1b4       0x74 zephyr/drivers/serial/libdrivers__serial.a(uart_nrfx_uart.c.obj)
 .text.uart_nrfx_fifo_fill
                0x000000000000b228       0x30 zephyr/drivers/serial/libdrivers__serial.a(uart_nrfx_uart.c.obj)
 .text.uart_nrfx_fifo_read
                0x000000000000b258       0x3c zephyr/drivers/serial/libdrivers__serial.a(uart_nrfx_uart.c.obj)
 .text.uart_nrfx_irq_rx_enable
                0x000000000000b294       0x10 zephyr/drivers/serial/libdrivers__serial.a(uart_nrfx_uart.c.obj)
 .text.uart_nrfx_irq_rx_disable
                0x000000000000b2a4       0x10 zephyr/drivers/serial/libdrivers__serial.a(uart_nrfx_uart.c.obj)
 .text.uart_nrfx_irq_rx_ready
                0x000000000000b2b4       0x10 zephyr/drivers/serial/libdrivers__serial.a(uart_nrfx_uart.c.obj)
 .text.uart_nrfx_irq_err_enable
                0x000000000000b2c4       0x10 zephyr/drivers/serial/libdrivers__serial.a(uart_nrfx_uart.c.obj)
 .text.uart_nrfx_irq_err_disable
                0x000000000000b2d4       0x10 zephyr/drivers/serial/libdrivers__serial.a(uart_nrfx_uart.c.obj)
 .text.uart_nrfx_irq_is_pending
                0x000000000000b2e4       0x44 zephyr/drivers/serial/libdrivers__serial.a(uart_nrfx_uart.c.obj)
 .text.uart_nrfx_irq_callback_set
                0x000000000000b328       0x14 zephyr/drivers/serial/libdrivers__serial.a(uart_nrfx_uart.c.obj)
 .text.uart_nrfx_isr
                0x000000000000b33c       0x18 zephyr/drivers/serial/libdrivers__serial.a(uart_nrfx_uart.c.obj)
 .text.uart_nrfx_irq_tx_disable
                0x000000000000b354       0x1c zephyr/drivers/serial/libdrivers__serial.a(uart_nrfx_uart.c.obj)
 .text.uart_nrfx_irq_tx_enable
                0x000000000000b370       0x48 zephyr/drivers/serial/libdrivers__serial.a(uart_nrfx_uart.c.obj)
 .text.uart_nrfx_init
                0x000000000000b3b8       0x70 zephyr/drivers/serial/libdrivers__serial.a(uart_nrfx_uart.c.obj)
 .text.update_rf_payload_format_esb_dpl
                0x000000000000b428       0x2c zephyr/nrf/subsys/enhanced_shockburst/lib..__nrf__subsys__enhanced_shockburst.a(nrf_esb.c.obj)
 .text.update_rf_payload_format_esb
                0x000000000000b454       0x2c zephyr/nrf/subsys/enhanced_shockburst/lib..__nrf__subsys__enhanced_shockburst.a(nrf_esb.c.obj)
 .text.update_radio_tx_power
                0x000000000000b480       0x14 zephyr/nrf/subsys/enhanced_shockburst/lib..__nrf__subsys__enhanced_shockburst.a(nrf_esb.c.obj)
 .text.update_radio_bitrate
                0x000000000000b494       0x4c zephyr/nrf/subsys/enhanced_shockburst/lib..__nrf__subsys__enhanced_shockburst.a(nrf_esb.c.obj)
 .text.update_radio_protocol
                0x000000000000b4e0       0x34 zephyr/nrf/subsys/enhanced_shockburst/lib..__nrf__subsys__enhanced_shockburst.a(nrf_esb.c.obj)
 .text.update_radio_crc
                0x000000000000b514       0x5c zephyr/nrf/subsys/enhanced_shockburst/lib..__nrf__subsys__enhanced_shockburst.a(nrf_esb.c.obj)
 .text.update_radio_parameters
                0x000000000000b570       0x3c zephyr/nrf/subsys/enhanced_shockburst/lib..__nrf__subsys__enhanced_shockburst.a(nrf_esb.c.obj)
 .text.reset_fifos
                0x000000000000b5ac       0x1c zephyr/nrf/subsys/enhanced_shockburst/lib..__nrf__subsys__enhanced_shockburst.a(nrf_esb.c.obj)
 .text.initialize_fifos
                0x000000000000b5c8       0x50 zephyr/nrf/subsys/enhanced_shockburst/lib..__nrf__subsys__enhanced_shockburst.a(nrf_esb.c.obj)
 .text.tx_fifo_remove_last
                0x000000000000b618       0x3c zephyr/nrf/subsys/enhanced_shockburst/lib..__nrf__subsys__enhanced_shockburst.a(nrf_esb.c.obj)
 .text.sys_timer_init
                0x000000000000b654       0x1c zephyr/nrf/subsys/enhanced_shockburst/lib..__nrf__subsys__enhanced_shockburst.a(nrf_esb.c.obj)
 .text.ppi_init
                0x000000000000b670       0x54 zephyr/nrf/subsys/enhanced_shockburst/lib..__nrf__subsys__enhanced_shockburst.a(nrf_esb.c.obj)
 .text.on_radio_disabled_tx
                0x000000000000b6c4       0x8c zephyr/nrf/subsys/enhanced_shockburst/lib..__nrf__subsys__enhanced_shockburst.a(nrf_esb.c.obj)
 .text.clear_events_restart_rx
                0x000000000000b750       0x58 zephyr/nrf/subsys/enhanced_shockburst/lib..__nrf__subsys__enhanced_shockburst.a(nrf_esb.c.obj)
 .text.on_radio_disabled_rx_ack
                0x000000000000b7a8       0x48 zephyr/nrf/subsys/enhanced_shockburst/lib..__nrf__subsys__enhanced_shockburst.a(nrf_esb.c.obj)
 .text.RADIO_IRQHandler
                0x000000000000b7f0       0x70 zephyr/nrf/subsys/enhanced_shockburst/lib..__nrf__subsys__enhanced_shockburst.a(nrf_esb.c.obj)
 .text.rx_fifo_push_rfbuf
                0x000000000000b860       0xb8 zephyr/nrf/subsys/enhanced_shockburst/lib..__nrf__subsys__enhanced_shockburst.a(nrf_esb.c.obj)
 .text.on_radio_disabled_rx_dpl
                0x000000000000b918       0xa0 zephyr/nrf/subsys/enhanced_shockburst/lib..__nrf__subsys__enhanced_shockburst.a(nrf_esb.c.obj)
 .text.on_radio_disabled_rx
                0x000000000000b9b8      0x12c zephyr/nrf/subsys/enhanced_shockburst/lib..__nrf__subsys__enhanced_shockburst.a(nrf_esb.c.obj)
 .text.start_tx_transaction
                0x000000000000bae4      0x15c zephyr/nrf/subsys/enhanced_shockburst/lib..__nrf__subsys__enhanced_shockburst.a(nrf_esb.c.obj)
 .text.on_radio_disabled_tx_noack
                0x000000000000bc40       0x48 zephyr/nrf/subsys/enhanced_shockburst/lib..__nrf__subsys__enhanced_shockburst.a(nrf_esb.c.obj)
 .text.on_radio_disabled_tx_wait_for_ack
                0x000000000000bc88      0x174 zephyr/nrf/subsys/enhanced_shockburst/lib..__nrf__subsys__enhanced_shockburst.a(nrf_esb.c.obj)
 .text.get_and_clear_irqs
                0x000000000000bdfc       0x58 zephyr/nrf/subsys/enhanced_shockburst/lib..__nrf__subsys__enhanced_shockburst.a(nrf_esb.c.obj)
 .text.SWI0_EGU0_IRQHandler
                0x000000000000be54       0x64 zephyr/nrf/subsys/enhanced_shockburst/lib..__nrf__subsys__enhanced_shockburst.a(nrf_esb.c.obj)
 .text.update_radio_addresses
                0x000000000000beb8       0x60 zephyr/nrf/subsys/enhanced_shockburst/lib..__nrf__subsys__enhanced_shockburst.a(nrf_esb.c.obj)
 .text.nrf_esb_disable
                0x000000000000bf18       0x58 zephyr/nrf/subsys/enhanced_shockburst/lib..__nrf__subsys__enhanced_shockburst.a(nrf_esb.c.obj)
                0x000000000000bf18                nrf_esb_disable
 .text.nrf_esb_init
                0x000000000000bf70       0xdc zephyr/nrf/subsys/enhanced_shockburst/lib..__nrf__subsys__enhanced_shockburst.a(nrf_esb.c.obj)
                0x000000000000bf70                nrf_esb_init
 .text.nrf_esb_write_payload
                0x000000000000c04c       0xf4 zephyr/nrf/subsys/enhanced_shockburst/lib..__nrf__subsys__enhanced_shockburst.a(nrf_esb.c.obj)
                0x000000000000c04c                nrf_esb_write_payload
 .text.nrf_esb_read_rx_payload
                0x000000000000c140       0x88 zephyr/nrf/subsys/enhanced_shockburst/lib..__nrf__subsys__enhanced_shockburst.a(nrf_esb.c.obj)
                0x000000000000c140                nrf_esb_read_rx_payload
 .text.nrf_esb_start_rx
                0x000000000000c1c8       0x8c zephyr/nrf/subsys/enhanced_shockburst/lib..__nrf__subsys__enhanced_shockburst.a(nrf_esb.c.obj)
                0x000000000000c1c8                nrf_esb_start_rx
 .text.nrf_esb_stop_rx
                0x000000000000c254       0x54 zephyr/nrf/subsys/enhanced_shockburst/lib..__nrf__subsys__enhanced_shockburst.a(nrf_esb.c.obj)
                0x000000000000c254                nrf_esb_stop_rx
 .text.nrf_esb_pop_tx
                0x000000000000c2a8       0x58 zephyr/nrf/subsys/enhanced_shockburst/lib..__nrf__subsys__enhanced_shockburst.a(nrf_esb.c.obj)
                0x000000000000c2a8                nrf_esb_pop_tx
 .text.nrf_esb_set_base_address_0
                0x000000000000c300       0x34 zephyr/nrf/subsys/enhanced_shockburst/lib..__nrf__subsys__enhanced_shockburst.a(nrf_esb.c.obj)
                0x000000000000c300                nrf_esb_set_base_address_0
 .text.nrf_esb_set_base_address_1
                0x000000000000c334       0x34 zephyr/nrf/subsys/enhanced_shockburst/lib..__nrf__subsys__enhanced_shockburst.a(nrf_esb.c.obj)
                0x000000000000c334                nrf_esb_set_base_address_1
 .text.nrf_esb_set_prefixes
                0x000000000000c368       0x50 zephyr/nrf/subsys/enhanced_shockburst/lib..__nrf__subsys__enhanced_shockburst.a(nrf_esb.c.obj)
                0x000000000000c368                nrf_esb_set_prefixes
 .text.z_sys_device_do_config_level
                0x000000000000c3b8       0x34 zephyr/kernel/libkernel.a(device.c.obj)
                0x000000000000c3b8                z_sys_device_do_config_level
 .text.z_impl_device_get_binding
                0x000000000000c3ec       0x50 zephyr/kernel/libkernel.a(device.c.obj)
                0x000000000000c3ec                z_impl_device_get_binding
 .text.set_kernel_idle_time_in_ticks
                0x000000000000c43c        0xc zephyr/kernel/libkernel.a(idle.c.obj)
 .text.init_idle_thread
                0x000000000000c448       0x38 zephyr/kernel/libkernel.a(init.c.obj)
 .text.prepare_multithreading
                0x000000000000c480       0x8c zephyr/kernel/libkernel.a(init.c.obj)
 .text.switch_to_main_thread
                0x000000000000c50c       0x48 zephyr/kernel/libkernel.a(init.c.obj)
 .text.z_bss_zero
                0x000000000000c554       0x18 zephyr/kernel/libkernel.a(init.c.obj)
                0x000000000000c554                z_bss_zero
 .text.z_data_copy
                0x000000000000c56c       0x34 zephyr/kernel/libkernel.a(init.c.obj)
                0x000000000000c56c                z_data_copy
 .text.bg_thread_main
                0x000000000000c5a0       0x30 zephyr/kernel/libkernel.a(init.c.obj)
 .text.z_cstart
                0x000000000000c5d0       0x70 zephyr/kernel/libkernel.a(init.c.obj)
                0x000000000000c5d0                z_cstart
 .text.init_mem_slab_module
                0x000000000000c640       0x20 zephyr/kernel/libkernel.a(mem_slab.c.obj)
 .text.k_mem_slab_init
                0x000000000000c660       0x5c zephyr/kernel/libkernel.a(mem_slab.c.obj)
                0x000000000000c660                k_mem_slab_init
 .text.k_mem_slab_alloc
                0x000000000000c6bc      0x110 zephyr/kernel/libkernel.a(mem_slab.c.obj)
                0x000000000000c6bc                k_mem_slab_alloc
 .text.k_mem_slab_free
                0x000000000000c7cc       0xdc zephyr/kernel/libkernel.a(mem_slab.c.obj)
                0x000000000000c7cc                k_mem_slab_free
 .text.get_pool
                0x000000000000c8a8       0x10 zephyr/kernel/libkernel.a(mempool.c.obj)
 .text.pool_id  0x000000000000c8b8       0x18 zephyr/kernel/libkernel.a(mempool.c.obj)
 .text.init_static_pools
                0x000000000000c8d0       0x20 zephyr/kernel/libkernel.a(mempool.c.obj)
                0x000000000000c8d0                init_static_pools
 .text.k_mem_pool_alloc
                0x000000000000c8f0      0x138 zephyr/kernel/libkernel.a(mempool.c.obj)
                0x000000000000c8f0                k_mem_pool_alloc
 .text.k_mem_pool_free_id
                0x000000000000ca28       0xb8 zephyr/kernel/libkernel.a(mempool.c.obj)
                0x000000000000ca28                k_mem_pool_free_id
 .text.z_thread_malloc
                0x000000000000cae0       0x18 zephyr/kernel/libkernel.a(mempool.c.obj)
                0x000000000000cae0                z_thread_malloc
 .text.z_impl_k_mutex_lock
                0x000000000000caf8      0x20c zephyr/kernel/libkernel.a(mutex.c.obj)
                0x000000000000caf8                z_impl_k_mutex_lock
 .text.z_impl_k_mutex_unlock
                0x000000000000cd04      0x1f8 zephyr/kernel/libkernel.a(mutex.c.obj)
                0x000000000000cd04                z_impl_k_mutex_unlock
 .text.queue_insert
                0x000000000000cefc      0x134 zephyr/kernel/libkernel.a(queue.c.obj)
 .text.z_impl_k_queue_get
                0x000000000000d030      0x10c zephyr/kernel/libkernel.a(queue.c.obj)
                0x000000000000d030                z_impl_k_queue_get
 .text.pended_on
                0x000000000000d13c       0x34 zephyr/kernel/libkernel.a(sched.c.obj)
 .text.reset_time_slice
                0x000000000000d170       0x24 zephyr/kernel/libkernel.a(sched.c.obj)
 .text.k_sched_time_slice_set
                0x000000000000d194       0xe0 zephyr/kernel/libkernel.a(sched.c.obj)
                0x000000000000d194                k_sched_time_slice_set
 .text.z_unpend_thread_no_timeout
                0x000000000000d274       0xb0 zephyr/kernel/libkernel.a(sched.c.obj)
                0x000000000000d274                z_unpend_thread_no_timeout
 .text.z_reschedule
                0x000000000000d324       0x98 zephyr/kernel/libkernel.a(sched.c.obj)
                0x000000000000d324                z_reschedule
 .text.z_reschedule_irqlock
                0x000000000000d3bc       0x3c zephyr/kernel/libkernel.a(sched.c.obj)
                0x000000000000d3bc                z_reschedule_irqlock
 .text.k_sched_lock
                0x000000000000d3f8      0x12c zephyr/kernel/libkernel.a(sched.c.obj)
                0x000000000000d3f8                k_sched_lock
 .text.z_priq_dumb_remove
                0x000000000000d524       0x68 zephyr/kernel/libkernel.a(sched.c.obj)
                0x000000000000d524                z_priq_dumb_remove
 .text.z_unpend_thread
                0x000000000000d58c       0xb8 zephyr/kernel/libkernel.a(sched.c.obj)
                0x000000000000d58c                z_unpend_thread
 .text.update_cache
                0x000000000000d644       0x80 zephyr/kernel/libkernel.a(sched.c.obj)
 .text.k_sched_unlock
                0x000000000000d6c4      0x140 zephyr/kernel/libkernel.a(sched.c.obj)
                0x000000000000d6c4                k_sched_unlock
 .text.z_add_thread_to_ready_q
                0x000000000000d804      0x128 zephyr/kernel/libkernel.a(sched.c.obj)
                0x000000000000d804                z_add_thread_to_ready_q
 .text.z_thread_timeout
                0x000000000000d92c       0xf0 zephyr/kernel/libkernel.a(sched.c.obj)
                0x000000000000d92c                z_thread_timeout
 .text.z_move_thread_to_end_of_prio_q
                0x000000000000da1c      0x140 zephyr/kernel/libkernel.a(sched.c.obj)
                0x000000000000da1c                z_move_thread_to_end_of_prio_q
 .text.z_time_slice
                0x000000000000db5c       0x70 zephyr/kernel/libkernel.a(sched.c.obj)
                0x000000000000db5c                z_time_slice
 .text.z_remove_thread_from_ready_q
                0x000000000000dbcc       0xc8 zephyr/kernel/libkernel.a(sched.c.obj)
                0x000000000000dbcc                z_remove_thread_from_ready_q
 .text.pend     0x000000000000dc94       0xc8 zephyr/kernel/libkernel.a(sched.c.obj)
 .text.z_pend_curr_irqlock
                0x000000000000dd5c       0xcc zephyr/kernel/libkernel.a(sched.c.obj)
                0x000000000000dd5c                z_pend_curr_irqlock
 .text.z_pend_curr
                0x000000000000de28       0x5c zephyr/kernel/libkernel.a(sched.c.obj)
                0x000000000000de28                z_pend_curr
 .text.z_thread_priority_set
                0x000000000000de84      0x174 zephyr/kernel/libkernel.a(sched.c.obj)
                0x000000000000de84                z_thread_priority_set
 .text.z_unpend_first_thread
                0x000000000000dff8      0x13c zephyr/kernel/libkernel.a(sched.c.obj)
                0x000000000000dff8                z_unpend_first_thread
 .text.z_sched_init
                0x000000000000e134       0x1c zephyr/kernel/libkernel.a(sched.c.obj)
                0x000000000000e134                z_sched_init
 .text.z_impl_k_yield
                0x000000000000e150      0x1a0 zephyr/kernel/libkernel.a(sched.c.obj)
                0x000000000000e150                z_impl_k_yield
 .text.z_impl_k_sleep
                0x000000000000e2f0      0x1f4 zephyr/kernel/libkernel.a(sched.c.obj)
                0x000000000000e2f0                z_impl_k_sleep
 .text.z_impl_k_wakeup
                0x000000000000e4e4       0x80 zephyr/kernel/libkernel.a(sched.c.obj)
                0x000000000000e4e4                z_impl_k_wakeup
 .text.z_impl_k_current_get
                0x000000000000e564        0xc zephyr/kernel/libkernel.a(sched.c.obj)
                0x000000000000e564                z_impl_k_current_get
 .text.z_impl_k_sem_init
                0x000000000000e570       0x6c zephyr/kernel/libkernel.a(sem.c.obj)
                0x000000000000e570                z_impl_k_sem_init
 .text.z_impl_k_sem_give
                0x000000000000e5dc       0x68 zephyr/kernel/libkernel.a(sem.c.obj)
                0x000000000000e5dc                z_impl_k_sem_give
 .text.z_impl_k_sem_take
                0x000000000000e644      0x134 zephyr/kernel/libkernel.a(sem.c.obj)
                0x000000000000e644                z_impl_k_sem_take
 .text.k_sys_work_q_init
                0x000000000000e778       0x30 zephyr/kernel/libkernel.a(system_work_q.c.obj)
 .text.k_is_in_isr
                0x000000000000e7a8       0x28 zephyr/kernel/libkernel.a(thread.c.obj)
                0x000000000000e7a8                k_is_in_isr
 .text.z_is_thread_essential
                0x000000000000e7d0       0x10 zephyr/kernel/libkernel.a(thread.c.obj)
                0x000000000000e7d0                z_is_thread_essential
 .text.z_impl_k_busy_wait
                0x000000000000e7e0       0x28 zephyr/kernel/libkernel.a(thread.c.obj)
                0x000000000000e7e0                z_impl_k_busy_wait
 .text.z_setup_new_thread
                0x000000000000e808       0x34 zephyr/kernel/libkernel.a(thread.c.obj)
                0x000000000000e808                z_setup_new_thread
 .text.z_spin_lock_valid
                0x000000000000e83c       0x20 zephyr/kernel/libkernel.a(thread.c.obj)
                0x000000000000e83c                z_spin_lock_valid
 .text.z_spin_unlock_valid
                0x000000000000e85c       0x20 zephyr/kernel/libkernel.a(thread.c.obj)
                0x000000000000e85c                z_spin_unlock_valid
 .text.z_spin_lock_set_owner
                0x000000000000e87c       0x10 zephyr/kernel/libkernel.a(thread.c.obj)
                0x000000000000e87c                z_spin_lock_set_owner
 .text.z_impl_k_thread_start
                0x000000000000e88c       0xc4 zephyr/kernel/libkernel.a(thread.c.obj)
                0x000000000000e88c                z_impl_k_thread_start
 .text.schedule_new_thread
                0x000000000000e950       0x44 zephyr/kernel/libkernel.a(thread.c.obj)
 .text.z_impl_k_thread_create
                0x000000000000e994       0xa8 zephyr/kernel/libkernel.a(thread.c.obj)
                0x000000000000e994                z_impl_k_thread_create
 .text.z_init_static_threads
                0x000000000000ea3c       0x68 zephyr/kernel/libkernel.a(thread.c.obj)
                0x000000000000ea3c                z_init_static_threads
 .text.k_work_q_start
                0x000000000000eaa4       0x48 zephyr/kernel/libkernel.a(work_q.c.obj)
                0x000000000000eaa4                k_work_q_start
 .text.first    0x000000000000eaec       0x14 zephyr/kernel/libkernel.a(timeout.c.obj)
 .text.next     0x000000000000eb00       0x18 zephyr/kernel/libkernel.a(timeout.c.obj)
 .text.elapsed  0x000000000000eb18       0x18 zephyr/kernel/libkernel.a(timeout.c.obj)
 .text.next_timeout
                0x000000000000eb30       0x4c zephyr/kernel/libkernel.a(timeout.c.obj)
 .text.z_add_timeout
                0x000000000000eb7c      0x15c zephyr/kernel/libkernel.a(timeout.c.obj)
                0x000000000000eb7c                z_add_timeout
 .text.z_abort_timeout
                0x000000000000ecd8       0xb0 zephyr/kernel/libkernel.a(timeout.c.obj)
                0x000000000000ecd8                z_abort_timeout
 .text.z_get_next_timeout_expiry
                0x000000000000ed88       0xa0 zephyr/kernel/libkernel.a(timeout.c.obj)
                0x000000000000ed88                z_get_next_timeout_expiry
 .text.z_set_timeout_expiry
                0x000000000000ee28       0xc4 zephyr/kernel/libkernel.a(timeout.c.obj)
                0x000000000000ee28                z_set_timeout_expiry
 .text.z_clock_announce
                0x000000000000eeec      0x17c zephyr/kernel/libkernel.a(timeout.c.obj)
                0x000000000000eeec                z_clock_announce
 .text.z_tick_get
                0x000000000000f068       0xb0 zephyr/kernel/libkernel.a(timeout.c.obj)
                0x000000000000f068                z_tick_get
 .text.z_timer_expiration_handler
                0x000000000000f118       0x5c zephyr/kernel/libkernel.a(timer.c.obj)
                0x000000000000f118                z_timer_expiration_handler
 .text.z_impl_k_timer_start
                0x000000000000f174       0xa0 zephyr/kernel/libkernel.a(timer.c.obj)
                0x000000000000f174                z_impl_k_timer_start
 .text.z_impl_k_timer_status_sync
                0x000000000000f214      0x14c zephyr/kernel/libkernel.a(timer.c.obj)
                0x000000000000f214                z_impl_k_timer_status_sync
 .text.block_ptr
                0x000000000000f360        0x8 zephyr/libzephyr.a(mempool.c.obj)
 .text.block_num
                0x000000000000f368        0xa zephyr/libzephyr.a(mempool.c.obj)
 .text.get_bit_ptr
                0x000000000000f372       0x3c zephyr/libzephyr.a(mempool.c.obj)
 .text.set_free_bit
                0x000000000000f3ae       0x1e zephyr/libzephyr.a(mempool.c.obj)
 .text.clear_free_bit
                0x000000000000f3cc       0x20 zephyr/libzephyr.a(mempool.c.obj)
 .text.partner_bits
                0x000000000000f3ec       0x2a zephyr/libzephyr.a(mempool.c.obj)
 .text.buf_size
                0x000000000000f416        0xa zephyr/libzephyr.a(mempool.c.obj)
 .text.block_fits
                0x000000000000f420       0x18 zephyr/libzephyr.a(mempool.c.obj)
 .text.block_alloc
                0x000000000000f438       0x42 zephyr/libzephyr.a(mempool.c.obj)
 .text.block_break
                0x000000000000f47a       0x76 zephyr/libzephyr.a(mempool.c.obj)
 .text.block_free
                0x000000000000f4f0       0x3e zephyr/libzephyr.a(mempool.c.obj)
 .text.z_sys_mem_pool_base_init
                0x000000000000f52e       0x88 zephyr/libzephyr.a(mempool.c.obj)
                0x000000000000f52e                z_sys_mem_pool_base_init
 .text.z_sys_mem_pool_block_alloc
                0x000000000000f5b6      0x11e zephyr/libzephyr.a(mempool.c.obj)
                0x000000000000f5b6                z_sys_mem_pool_block_alloc
 .text.z_sys_mem_pool_block_free
                0x000000000000f6d4       0x44 zephyr/libzephyr.a(mempool.c.obj)
                0x000000000000f6d4                z_sys_mem_pool_block_free
 .text.z_thread_entry
                0x000000000000f718       0x14 zephyr/libzephyr.a(thread_entry.c.obj)
                0x000000000000f718                z_thread_entry
 .text.z_work_q_main
                0x000000000000f72c       0x46 zephyr/libzephyr.a(work_q.c.obj)
                0x000000000000f72c                z_work_q_main
 .text.z_arch_printk_char_out
                0x000000000000f772        0x4 zephyr/libzephyr.a(printk.c.obj)
                0x000000000000f772                z_arch_printk_char_out
 .text.print_err
                0x000000000000f776       0x18 zephyr/libzephyr.a(printk.c.obj)
 .text._printk_hex_ulong
                0x000000000000f78e       0xc0 zephyr/libzephyr.a(printk.c.obj)
 .text.str_out  0x000000000000f84e       0x30 zephyr/libzephyr.a(printk.c.obj)
 .text.printk   0x000000000000f87e       0x1c zephyr/libzephyr.a(printk.c.obj)
                0x000000000000f87e                printk
 .text.ring_buf_put_claim
                0x000000000000f89a       0x40 zephyr/libzephyr.a(ring_buffer.c.obj)
                0x000000000000f89a                ring_buf_put_claim
 .text.ring_buf_put_finish
                0x000000000000f8da       0x34 zephyr/libzephyr.a(ring_buffer.c.obj)
                0x000000000000f8da                ring_buf_put_finish
 .text.ring_buf_get_claim
                0x000000000000f90e       0x44 zephyr/libzephyr.a(ring_buffer.c.obj)
                0x000000000000f90e                ring_buf_get_claim
 .text.ring_buf_get_finish
                0x000000000000f952       0x38 zephyr/libzephyr.a(ring_buffer.c.obj)
                0x000000000000f952                ring_buf_get_finish
 .text.assert_post_action
                0x000000000000f98a        0xc zephyr/libzephyr.a(assert.c.obj)
                0x000000000000f98a                assert_post_action
 .text._ConfigAbsSyms
                0x000000000000f996        0x2 zephyr/libzephyr.a(configs.c.obj)
                0x000000000000f996                _ConfigAbsSyms
 .text.errata_36
                0x000000000000f998        0x4 zephyr/libzephyr.a(system_nrf52840.c.obj)
 .text.errata_66
                0x000000000000f99c        0x4 zephyr/libzephyr.a(system_nrf52840.c.obj)
 .text.errata_136
                0x000000000000f9a0        0x4 zephyr/libzephyr.a(system_nrf52840.c.obj)
 .text.nrfx_isr
                0x000000000000f9a4        0x6 zephyr/libzephyr.a(nrfx_glue.c.obj)
                0x000000000000f9a4                nrfx_isr
 .text.ev_started_handler
                0x000000000000f9aa        0x2 zephyr/libzephyr.a(nrfx_usbd.c.obj)
 .text.usbd_dma_scheduler_algorithm
                0x000000000000f9ac        0xa zephyr/libzephyr.a(nrfx_usbd.c.obj)
 .text._GetAvailWriteSpace
                0x000000000000f9b6       0x18 zephyr/libzephyr.a(SEGGER_RTT.c.obj)
 .text._WriteNoCheck
                0x000000000000f9ce       0x48 zephyr/libzephyr.a(SEGGER_RTT.c.obj)
 .text._WriteBlocking
                0x000000000000fa16       0x5e zephyr/libzephyr.a(SEGGER_RTT.c.obj)
 .text.SEGGER_RTT_Init
                0x000000000000fa74        0x8 zephyr/libzephyr.a(SEGGER_RTT.c.obj)
                0x000000000000fa74                SEGGER_RTT_Init
 .text.rtt_init
                0x000000000000fa7c        0xa zephyr/libzephyr.a(SEGGER_RTT_zephyr.c.obj)
 .text.log_list_init
                0x000000000000fa86        0x8 zephyr/libzephyr.a(log_list.c.obj)
                0x000000000000fa86                log_list_init
 .text.log_list_add_tail
                0x000000000000fa8e       0x14 zephyr/libzephyr.a(log_list.c.obj)
                0x000000000000fa8e                log_list_add_tail
 .text.log_list_head_peek
                0x000000000000faa2        0x4 zephyr/libzephyr.a(log_list.c.obj)
                0x000000000000faa2                log_list_head_peek
 .text.log_list_head_get
                0x000000000000faa6        0xc zephyr/libzephyr.a(log_list.c.obj)
                0x000000000000faa6                log_list_head_get
 .text.dummy_timestamp
                0x000000000000fab2        0x4 zephyr/libzephyr.a(log_core.c.obj)
 .text.msg_filter_check
                0x000000000000fab6        0x4 zephyr/libzephyr.a(log_core.c.obj)
 .text.timestamp_get
                0x000000000000faba        0x8 zephyr/libzephyr.a(log_core.c.obj)
 .text.cont_arg_get
                0x000000000000fac2       0x24 zephyr/libzephyr.a(log_msg.c.obj)
 .text.log_msg_hexdump_data_op
                0x000000000000fae6       0xb8 zephyr/libzephyr.a(log_msg.c.obj)
 .text.log_msg_get
                0x000000000000fb9e       0x1a zephyr/libzephyr.a(log_msg.c.obj)
                0x000000000000fb9e                log_msg_get
 .text.log_msg_nargs_get
                0x000000000000fbb8        0x6 zephyr/libzephyr.a(log_msg.c.obj)
                0x000000000000fbb8                log_msg_nargs_get
 .text.log_msg_arg_get
                0x000000000000fbbe       0x22 zephyr/libzephyr.a(log_msg.c.obj)
                0x000000000000fbbe                log_msg_arg_get
 .text.log_msg_put
                0x000000000000fbe0       0x26 zephyr/libzephyr.a(log_msg.c.obj)
                0x000000000000fbe0                log_msg_put
 .text.log_msg_str_get
                0x000000000000fc06        0x4 zephyr/libzephyr.a(log_msg.c.obj)
                0x000000000000fc06                log_msg_str_get
 .text.log_msg_hexdump_data_get
                0x000000000000fc0a       0x10 zephyr/libzephyr.a(log_msg.c.obj)
                0x000000000000fc0a                log_msg_hexdump_data_get
 .text.buffer_write
                0x000000000000fc1a       0x1a zephyr/libzephyr.a(log_output.c.obj)
 .text.color_prefix
                0x000000000000fc34        0xc zephyr/libzephyr.a(log_output.c.obj)
 .text.color_postfix
                0x000000000000fc40        0xc zephyr/libzephyr.a(log_output.c.obj)
 .text.postfix_print
                0x000000000000fc4c       0x18 zephyr/libzephyr.a(log_output.c.obj)
 .text.prefix_print
                0x000000000000fc64       0x4e zephyr/libzephyr.a(log_output.c.obj)
 .text.std_print
                0x000000000000fcb2      0x2b6 zephyr/libzephyr.a(log_output.c.obj)
 .text.log_output_flush
                0x000000000000ff68       0x1a zephyr/libzephyr.a(log_output.c.obj)
                0x000000000000ff68                log_output_flush
 .text.log_output_msg_process
                0x000000000000ff82       0x7c zephyr/libzephyr.a(log_output.c.obj)
                0x000000000000ff82                log_output_msg_process
 .text.usb_vbus_set
                0x000000000000fffe        0x4 zephyr/libzephyr.a(usb_device.c.obj)
 .text.usb_handle_std_interface_req
                0x0000000000010002       0x3c zephyr/libzephyr.a(usb_device.c.obj)
 .text.usb_write
                0x000000000001003e        0x8 zephyr/libzephyr.a(usb_device.c.obj)
                0x000000000001003e                usb_write
 .text.usb_read
                0x0000000000010046        0x8 zephyr/libzephyr.a(usb_device.c.obj)
                0x0000000000010046                usb_read
 .text.usb_validate_ep_cfg_data
                0x000000000001004e       0xc4 zephyr/libzephyr.a(usb_descriptor.c.obj)
 .text.usb_update_sn_string_descriptor
                0x0000000000010112        0x4 zephyr/libzephyr.a(usb_descriptor.c.obj)
                0x0000000000010112                usb_update_sn_string_descriptor
 .text.usb_get_dev_data_by_cfg
                0x0000000000010116       0x26 zephyr/libzephyr.a(usb_descriptor.c.obj)
                0x0000000000010116                usb_get_dev_data_by_cfg
 .text.usb_get_dev_data_by_iface
                0x000000000001013c       0x2a zephyr/libzephyr.a(usb_descriptor.c.obj)
                0x000000000001013c                usb_get_dev_data_by_iface
 .text.usb_get_dev_data_by_ep
                0x0000000000010166       0x44 zephyr/libzephyr.a(usb_descriptor.c.obj)
                0x0000000000010166                usb_get_dev_data_by_ep
 .text.cdc_acm_do_cb
                0x00000000000101aa       0x12 zephyr/libzephyr.a(cdc_acm.c.obj)
 .text.cdc_interface_config
                0x00000000000101bc       0x10 zephyr/libzephyr.a(cdc_acm.c.obj)
 .text.cdc_acm_baudrate_set
                0x00000000000101cc        0x8 zephyr/libzephyr.a(cdc_acm.c.obj)
 .text.cdc_acm_irq_callback_work_handler
                0x00000000000101d4        0xe zephyr/libzephyr.a(cdc_acm.c.obj)
 .text.cdc_acm_irq_tx_disable
                0x00000000000101e2        0x8 zephyr/libzephyr.a(cdc_acm.c.obj)
 .text.cdc_acm_irq_tx_ready
                0x00000000000101ea        0xe zephyr/libzephyr.a(cdc_acm.c.obj)
 .text.cdc_acm_irq_rx_disable
                0x00000000000101f8        0x8 zephyr/libzephyr.a(cdc_acm.c.obj)
 .text.cdc_acm_irq_rx_ready
                0x0000000000010200        0xe zephyr/libzephyr.a(cdc_acm.c.obj)
 .text.cdc_acm_irq_is_pending
                0x000000000001020e       0x22 zephyr/libzephyr.a(cdc_acm.c.obj)
 .text.cdc_acm_irq_update
                0x0000000000010230        0x4 zephyr/libzephyr.a(cdc_acm.c.obj)
 .text.cdc_acm_irq_callback_set
                0x0000000000010234        0x8 zephyr/libzephyr.a(cdc_acm.c.obj)
 .text.cdc_acm_line_ctrl_get
                0x000000000001023c       0x3a zephyr/libzephyr.a(cdc_acm.c.obj)
 .text.cdc_acm_poll_in
                0x0000000000010276        0x6 zephyr/libzephyr.a(cdc_acm.c.obj)
 .text.cdc_acm_fifo_fill
                0x000000000001027c       0x34 zephyr/libzephyr.a(cdc_acm.c.obj)
 .text.cdc_acm_line_ctrl_set
                0x00000000000102b0       0x62 zephyr/libzephyr.a(cdc_acm.c.obj)
 .text.cdc_acm_fifo_read
                0x0000000000010312       0x20 zephyr/libzephyr.a(cdc_acm.c.obj)
 .text.wait     0x0000000000010332       0x12 zephyr/libzephyr.a(rtt_console.c.obj)
 .text.clock_control_init
                0x0000000000010344       0x16 zephyr/libzephyr.a(nrf_power_clock.c.obj)
 .text.nrf5_power_usb_power_int_enable
                0x000000000001035a       0x26 zephyr/libzephyr.a(nrf_power_clock.c.obj)
                0x000000000001035a                nrf5_power_usb_power_int_enable
 .text.in_endpoint_ctx
                0x0000000000010380        0xc zephyr/libzephyr.a(usb_dc_nrfx.c.obj)
 .text.out_endpoint_ctx
                0x000000000001038c        0x8 zephyr/libzephyr.a(usb_dc_nrfx.c.obj)
 .text.ep_ctx_reset
                0x0000000000010394       0x1a zephyr/libzephyr.a(usb_dc_nrfx.c.obj)
 .text.usb_dc_ep_read
                0x00000000000103ae       0x24 zephyr/libzephyr.a(usb_dc_nrfx.c.obj)
                0x00000000000103ae                usb_dc_ep_read
 .text.z_clock_idle_exit
                0x00000000000103d2        0x2 zephyr/libzephyr.a(sys_clock_init.c.obj)
                0x00000000000103d2                z_clock_idle_exit
 .text.counter_sub
                0x00000000000103d4        0x8 zephyr/libzephyr.a(nrf_rtc_timer.c.obj)
 .text.MemoryFaultIsRecoverable
                0x00000000000103dc        0x4 zephyr/arch/arm/core/libarch__arm__core.a(fault.c.obj)
 .text.FaultHandle
                0x00000000000103e0       0x42 zephyr/arch/arm/core/libarch__arm__core.a(fault.c.obj)
 .text.z_irq_spurious
                0x0000000000010422        0x8 zephyr/arch/arm/core/libarch__arm__core.a(irq_manage.c.obj)
                0x0000000000010422                z_irq_spurious
 .text.z_do_kernel_oops
                0x000000000001042a        0xc zephyr/arch/arm/core/libarch__arm__core.a(fatal.c.obj)
                0x000000000001042a                z_do_kernel_oops
 .text.lock_interrupts
                0x0000000000010436        0x8 zephyr/arch/arm/core/cortex_m/libarch__arm__core__cortex_m.a(prep_c.c.obj)
                0x0000000000010436                lock_interrupts
 .text.__nmi    0x000000000001043e        0xc zephyr/arch/arm/core/cortex_m/libarch__arm__core__cortex_m.a(nmi.c.obj)
                0x000000000001043e                __nmi
 .text.z_arch_configure_dynamic_mpu_regions
                0x000000000001044a        0xc zephyr/arch/arm/core/cortex_m/mpu/libarch__arm__core__cortex_m__mpu.a(arm_core_mpu.c.obj)
                0x000000000001044a                z_arch_configure_dynamic_mpu_regions
 .text.mpu_partition_is_valid
                0x0000000000010456       0x22 zephyr/arch/arm/core/cortex_m/mpu/libarch__arm__core__cortex_m__mpu.a(arm_mpu.c.obj)
 .text.mpu_configure_region
                0x0000000000010478       0x3e zephyr/arch/arm/core/cortex_m/mpu/libarch__arm__core__cortex_m__mpu.a(arm_mpu.c.obj)
 .text.strcpy   0x00000000000104b6       0x12 zephyr/lib/libc/minimal/liblib__libc__minimal.a(string.c.obj)
                0x00000000000104b6                strcpy
 .text.strchr   0x00000000000104c8       0x18 zephyr/lib/libc/minimal/liblib__libc__minimal.a(string.c.obj)
                0x00000000000104c8                strchr
 .text.strlen   0x00000000000104e0       0x10 zephyr/lib/libc/minimal/liblib__libc__minimal.a(string.c.obj)
                0x00000000000104e0                strlen
 .text.strcmp   0x00000000000104f0       0x14 zephyr/lib/libc/minimal/liblib__libc__minimal.a(string.c.obj)
                0x00000000000104f0                strcmp
 .text.memmove  0x0000000000010504       0x2c zephyr/lib/libc/minimal/liblib__libc__minimal.a(string.c.obj)
                0x0000000000010504                memmove
 .text.memcpy   0x0000000000010530       0x46 zephyr/lib/libc/minimal/liblib__libc__minimal.a(string.c.obj)
                0x0000000000010530                memcpy
 .text.memset   0x0000000000010576       0x3c zephyr/lib/libc/minimal/liblib__libc__minimal.a(string.c.obj)
                0x0000000000010576                memset
 .text._uc      0x00000000000105b2       0x1a zephyr/lib/libc/minimal/liblib__libc__minimal.a(prf.c.obj)
 .text._reverse_and_pad
                0x00000000000105cc       0x32 zephyr/lib/libc/minimal/liblib__libc__minimal.a(prf.c.obj)
 .text._to_x    0x00000000000105fe       0x30 zephyr/lib/libc/minimal/liblib__libc__minimal.a(prf.c.obj)
 .text._to_hex  0x000000000001062e       0x34 zephyr/lib/libc/minimal/liblib__libc__minimal.a(prf.c.obj)
 .text._to_octal
                0x0000000000010662       0x28 zephyr/lib/libc/minimal/liblib__libc__minimal.a(prf.c.obj)
 .text._to_udec
                0x000000000001068a        0xc zephyr/lib/libc/minimal/liblib__libc__minimal.a(prf.c.obj)
 .text._to_dec  0x0000000000010696       0x42 zephyr/lib/libc/minimal/liblib__libc__minimal.a(prf.c.obj)
 .text._rlrshift
                0x00000000000106d8       0x24 zephyr/lib/libc/minimal/liblib__libc__minimal.a(prf.c.obj)
 .text._get_digit
                0x00000000000106fc       0x3a zephyr/lib/libc/minimal/liblib__libc__minimal.a(prf.c.obj)
 .text._atoi    0x0000000000010736       0x28 zephyr/lib/libc/minimal/liblib__libc__minimal.a(prf.c.obj)
 .text._stdout_hook_default
                0x000000000001075e        0x6 zephyr/lib/libc/minimal/liblib__libc__minimal.a(stdout_console.c.obj)
 .text.sprintf_out
                0x0000000000010764       0x1a zephyr/lib/libc/minimal/liblib__libc__minimal.a(sprintf.c.obj)
 .text.gpio_nrfx_write
                0x000000000001077e       0x48 zephyr/drivers/gpio/libdrivers__gpio.a(gpio_nrfx.c.obj)
 .text.gpio_nrfx_read
                0x00000000000107c6       0x36 zephyr/drivers/gpio/libdrivers__gpio.a(gpio_nrfx.c.obj)
 .text.gpio_nrfx_pin_manage_callback
                0x00000000000107fc       0x52 zephyr/drivers/gpio/libdrivers__gpio.a(gpio_nrfx.c.obj)
 .text.gpio_nrfx_pin_disable_callback
                0x000000000001084e        0xa zephyr/drivers/gpio/libdrivers__gpio.a(gpio_nrfx.c.obj)
 .text.gpio_nrfx_pin_enable_callback
                0x0000000000010858        0xa zephyr/drivers/gpio/libdrivers__gpio.a(gpio_nrfx.c.obj)
 .text.twim_0_init
                0x0000000000010862       0x2e zephyr/drivers/i2c/libdrivers__i2c.a(i2c_nrfx_twim.c.obj)
 .text.uart_nrfx_config_get
                0x0000000000010890       0x10 zephyr/drivers/serial/libdrivers__serial.a(uart_nrfx_uart.c.obj)
 .text.uart_nrfx_irq_tx_ready_complete
                0x00000000000108a0        0x8 zephyr/drivers/serial/libdrivers__serial.a(uart_nrfx_uart.c.obj)
 .text.uart_nrfx_irq_update
                0x00000000000108a8        0x4 zephyr/drivers/serial/libdrivers__serial.a(uart_nrfx_uart.c.obj)
 .text.bytewise_bit_swap
                0x00000000000108ac       0x2a zephyr/nrf/subsys/enhanced_shockburst/lib..__nrf__subsys__enhanced_shockburst.a(nrf_esb.c.obj)
 .text.NRF_ESB_SYS_TIMER_IRQHandler
                0x00000000000108d6        0x2 zephyr/nrf/subsys/enhanced_shockburst/lib..__nrf__subsys__enhanced_shockburst.a(nrf_esb.c.obj)
 .text.addr_conv
                0x00000000000108d8        0xa zephyr/nrf/subsys/enhanced_shockburst/lib..__nrf__subsys__enhanced_shockburst.a(nrf_esb.c.obj)
 .text.device_busy_set
                0x00000000000108e2        0x2 zephyr/kernel/libkernel.a(device.c.obj)
                0x00000000000108e2                device_busy_set
 .text.device_busy_clear
                0x00000000000108e4        0x2 zephyr/kernel/libkernel.a(device.c.obj)
                0x00000000000108e4                device_busy_clear
 .text.sys_power_save_idle
                0x00000000000108e6       0x22 zephyr/kernel/libkernel.a(idle.c.obj)
 .text.z_sys_power_save_idle_exit
                0x0000000000010908        0x8 zephyr/kernel/libkernel.a(idle.c.obj)
                0x0000000000010908                z_sys_power_save_idle_exit
 .text.idle     0x0000000000010910       0x18 zephyr/kernel/libkernel.a(idle.c.obj)
                0x0000000000010910                idle
 .text.create_free_list
                0x0000000000010928       0x1c zephyr/kernel/libkernel.a(mem_slab.c.obj)
 .text.k_mem_pool_init
                0x0000000000010944       0x10 zephyr/kernel/libkernel.a(mempool.c.obj)
 .text.k_mem_pool_free
                0x0000000000010954        0xa zephyr/kernel/libkernel.a(mempool.c.obj)
                0x0000000000010954                k_mem_pool_free
 .text.k_mem_pool_malloc
                0x000000000001095e       0x38 zephyr/kernel/libkernel.a(mempool.c.obj)
                0x000000000001095e                k_mem_pool_malloc
 .text.k_free   0x0000000000010996        0xe zephyr/kernel/libkernel.a(mempool.c.obj)
                0x0000000000010996                k_free
 .text.new_prio_for_inheritance
                0x00000000000109a4       0x12 zephyr/kernel/libkernel.a(mutex.c.obj)
 .text.adjust_owner_prio
                0x00000000000109b6       0x14 zephyr/kernel/libkernel.a(mutex.c.obj)
 .text.z_impl_k_mutex_init
                0x00000000000109ca        0xc zephyr/kernel/libkernel.a(mutex.c.obj)
                0x00000000000109ca                z_impl_k_mutex_init
 .text.prepare_thread_to_run
                0x00000000000109d6       0x2e zephyr/kernel/libkernel.a(queue.c.obj)
 .text.z_queue_node_peek
                0x0000000000010a04       0x24 zephyr/kernel/libkernel.a(queue.c.obj)
                0x0000000000010a04                z_queue_node_peek
 .text.z_impl_k_queue_init
                0x0000000000010a28       0x12 zephyr/kernel/libkernel.a(queue.c.obj)
                0x0000000000010a28                z_impl_k_queue_init
 .text.k_queue_append
                0x0000000000010a3a        0xe zephyr/kernel/libkernel.a(queue.c.obj)
                0x0000000000010a3a                k_queue_append
 .text.z_is_t1_higher_prio_than_t2
                0x0000000000010a48       0x14 zephyr/kernel/libkernel.a(sched.c.obj)
                0x0000000000010a48                z_is_t1_higher_prio_than_t2
 .text.z_priq_dumb_best
                0x0000000000010a5c        0xe zephyr/kernel/libkernel.a(sched.c.obj)
                0x0000000000010a5c                z_priq_dumb_best
 .text.z_unpend_all
                0x0000000000010a6a       0x3e zephyr/kernel/libkernel.a(sched.c.obj)
                0x0000000000010a6a                z_unpend_all
 .text.do_sem_give
                0x0000000000010aa8       0x46 zephyr/kernel/libkernel.a(sem.c.obj)
 .text.z_impl_k_thread_name_set
                0x0000000000010aee        0x2 zephyr/kernel/libkernel.a(thread.c.obj)
                0x0000000000010aee                z_impl_k_thread_name_set
 .text.z_impl_k_thread_name_get
                0x0000000000010af0        0x4 zephyr/kernel/libkernel.a(thread.c.obj)
                0x0000000000010af0                z_impl_k_thread_name_get
 .text.z_thread_single_abort
                0x0000000000010af4       0x4e zephyr/kernel/libkernel.a(thread.c.obj)
                0x0000000000010af4                z_thread_single_abort
 .text.z_init_thread_base
                0x0000000000010b42       0x10 zephyr/kernel/libkernel.a(thread.c.obj)
                0x0000000000010b42                z_init_thread_base
 .text.remove_timeout
                0x0000000000010b52       0x24 zephyr/kernel/libkernel.a(timeout.c.obj)
 .text.z_tick_get_32
                0x0000000000010b76        0x8 zephyr/kernel/libkernel.a(timeout.c.obj)
                0x0000000000010b76                z_tick_get_32
 .text._OffsetAbsSyms
                0x0000000000010b7e        0x2 zephyr/CMakeFiles/offsets.dir/arch/arm/core/offsets/offsets.c.obj
                0x0000000000010b7e                _OffsetAbsSyms
 *(SORT_BY_ALIGNMENT(.gnu.linkonce.t.*))
 *(SORT_BY_ALIGNMENT(.glue_7t))
 .glue_7t       0x0000000000010b80        0x0 linker stubs
 *(SORT_BY_ALIGNMENT(.glue_7))
 .glue_7        0x0000000000010b80        0x0 linker stubs
 *(SORT_BY_ALIGNMENT(.vfp11_veneer))
 .vfp11_veneer  0x0000000000010b80        0x0 linker stubs
 *(SORT_BY_ALIGNMENT(.v4_bx))
 .v4_bx         0x0000000000010b80        0x0 linker stubs
                0x0000000000010b80                _image_text_end = .

.ARM.exidx      0x0000000000010b80        0x8
                0x0000000000010b80                __exidx_start = .
 *(SORT_BY_ALIGNMENT(.ARM.exidx*) SORT_BY_ALIGNMENT(gnu.linkonce.armexidx.*))
 .ARM.exidx     0x0000000000010b80        0x8 /opt/zephyr-sdk/arm-zephyr-eabi/bin/../lib/gcc/arm-zephyr-eabi/8.3.0/thumb/v7e-m/nofp/libgcc.a(_udivmoddi4.o)
                0x0000000000010b88                __exidx_end = .
                0x0000000000010b88                _image_rodata_start = .

sw_isr_table    0x0000000000010b88      0x180
 *(SORT_BY_ALIGNMENT(.gnu.linkonce.sw_isr_table))
 .gnu.linkonce.sw_isr_table
                0x0000000000010b88      0x180 zephyr/CMakeFiles/kernel_elf.dir/isr_tables.c.obj
                0x0000000000010b88                _sw_isr_table

app_shmem_regions
                0x0000000000010d08        0x0
                0x0000000000010d08                __app_shmem_regions_start = .
 *(SORT_BY_NAME(SORT_BY_ALIGNMENT(.app_regions.*)))
                0x0000000000010d08                __app_shmem_regions_end = .

devconfig       0x0000000000010d08       0xcc
                0x0000000000010d08                __devconfig_start = .
 *(SORT_BY_ALIGNMENT(.devconfig.*))
 .devconfig.init
                0x0000000000010d08        0xc zephyr/libzephyr.a(soc.c.obj)
 .devconfig.init
                0x0000000000010d14        0xc zephyr/libzephyr.a(SEGGER_RTT_zephyr.c.obj)
 .devconfig.init
                0x0000000000010d20        0xc zephyr/libzephyr.a(log_core.c.obj)
 .devconfig.init
                0x0000000000010d2c        0xc zephyr/libzephyr.a(cdc_acm.c.obj)
 .devconfig.init
                0x0000000000010d38        0xc zephyr/libzephyr.a(rtt_console.c.obj)
 .devconfig.init
                0x0000000000010d44       0x18 zephyr/libzephyr.a(nrf_power_clock.c.obj)
 .devconfig.init
                0x0000000000010d5c        0xc zephyr/libzephyr.a(sys_clock_init.c.obj)
 .devconfig.init
                0x0000000000010d68        0xc zephyr/arch/arm/core/cortex_m/mpu/libarch__arm__core__cortex_m__mpu.a(arm_mpu.c.obj)
 .devconfig.init
                0x0000000000010d74        0xc zephyr/boards/boards/arm/reel_board/lib..__..__wireless-uart__boards__arm__reel_board.a(board.c.obj)
 .devconfig.init
                0x0000000000010d80       0x18 zephyr/drivers/gpio/libdrivers__gpio.a(gpio_nrfx.c.obj)
 .devconfig.init
                0x0000000000010d98        0xc zephyr/drivers/i2c/libdrivers__i2c.a(i2c_nrfx_twim.c.obj)
 .devconfig.init
                0x0000000000010da4        0xc zephyr/drivers/serial/libdrivers__serial.a(uart_nrfx_uart.c.obj)
 .devconfig.init
                0x0000000000010db0        0xc zephyr/kernel/libkernel.a(mem_slab.c.obj)
 .devconfig.init
                0x0000000000010dbc        0xc zephyr/kernel/libkernel.a(mempool.c.obj)
 .devconfig.init
                0x0000000000010dc8        0xc zephyr/kernel/libkernel.a(system_work_q.c.obj)
 *(SORT_BY_NAME(SORT_BY_ALIGNMENT(.devconfig*)))
                0x0000000000010dd4                __devconfig_end = .

net_l2          0x0000000000010dd4        0x0
                0x0000000000010dd4                __net_l2_start = .
 *(SORT_BY_ALIGNMENT(.net_l2.init))
 *(SORT_BY_NAME(SORT_BY_ALIGNMENT(.net_l2.init*)))
                0x0000000000010dd4                __net_l2_end = .

log_const_sections
                0x0000000000010dd4       0x50
                0x0000000000010dd4                __log_const_start = .
 *(SORT_BY_NAME(SORT_BY_ALIGNMENT(.log_const_*)))
 .log_const_i2c_nrfx_twim
                0x0000000000010dd4        0x8 zephyr/drivers/i2c/libdrivers__i2c.a(i2c_nrfx_twim.c.obj)
                0x0000000000010dd4                log_const_i2c_nrfx_twim
 .log_const_kernel
                0x0000000000010ddc        0x8 zephyr/kernel/libkernel.a(init.c.obj)
                0x0000000000010ddc                log_const_kernel
 .log_const_mpu
                0x0000000000010de4        0x8 zephyr/arch/arm/core/cortex_m/mpu/libarch__arm__core__cortex_m__mpu.a(arm_core_mpu.c.obj)
                0x0000000000010de4                log_const_mpu
 .log_const_power
                0x0000000000010dec        0x8 zephyr/libzephyr.a(power.c.obj)
                0x0000000000010dec                log_const_power
 .log_const_soc
                0x0000000000010df4        0x8 zephyr/libzephyr.a(soc.c.obj)
                0x0000000000010df4                log_const_soc
 .log_const_usb_adapter
                0x0000000000010dfc        0x8 app/libapp.a(main.c.obj)
                0x0000000000010dfc                log_const_usb_adapter
 .log_const_usb_cdc_acm
                0x0000000000010e04        0x8 zephyr/libzephyr.a(cdc_acm.c.obj)
                0x0000000000010e04                log_const_usb_cdc_acm
 .log_const_usb_descriptor
                0x0000000000010e0c        0x8 zephyr/libzephyr.a(usb_descriptor.c.obj)
                0x0000000000010e0c                log_const_usb_descriptor
 .log_const_usb_device
                0x0000000000010e14        0x8 zephyr/libzephyr.a(usb_device.c.obj)
                0x0000000000010e14                log_const_usb_device
 .log_const_usb_nrfx
                0x0000000000010e1c        0x8 zephyr/libzephyr.a(usb_dc_nrfx.c.obj)
                0x0000000000010e1c                log_const_usb_nrfx
                0x0000000000010e24                __log_const_end = .

log_backends_sections
                0x0000000000010e24       0x10
                0x0000000000010e24                __log_backends_start = .
 *(SORT_BY_ALIGNMENT(.log_backends))